<?xml version="1.0"?>
<link_info>
   <banner>MSP430 Linker Unix v4.4.5</banner>
   <copyright>Copyright (c) 2003-2015 Texas Instruments Incorporated</copyright>
   <link_time>0x55c918bd</link_time>
   <link_errors>0x0</link_errors>
   <output_file>biosentinel_optics_gse_2.out</output_file>
   <entry_point>
      <name>_c_int00_noargs_mpu</name>
      <address>0x494a</address>
   </entry_point>
   <input_file_list>
      <input_file id="fl-2">
         <path>./</path>
         <kind>object</kind>
         <file>hal_LCD.obj</file>
         <name>hal_LCD.obj</name>
      </input_file>
      <input_file id="fl-3">
         <path>./</path>
         <kind>object</kind>
         <file>main.obj</file>
         <name>main.obj</name>
      </input_file>
      <input_file id="fl-4">
         <path>./</path>
         <kind>object</kind>
         <file>taos_mode.obj</file>
         <name>taos_mode.obj</name>
      </input_file>
      <input_file id="fl-5">
         <path>./driverlib/MSP430FR5xx_6xx/</path>
         <kind>object</kind>
         <file>adc12_b.obj</file>
         <name>adc12_b.obj</name>
      </input_file>
      <input_file id="fl-6">
         <path>./driverlib/MSP430FR5xx_6xx/</path>
         <kind>object</kind>
         <file>aes256.obj</file>
         <name>aes256.obj</name>
      </input_file>
      <input_file id="fl-7">
         <path>./driverlib/MSP430FR5xx_6xx/</path>
         <kind>object</kind>
         <file>comp_e.obj</file>
         <name>comp_e.obj</name>
      </input_file>
      <input_file id="fl-8">
         <path>./driverlib/MSP430FR5xx_6xx/</path>
         <kind>object</kind>
         <file>crc.obj</file>
         <name>crc.obj</name>
      </input_file>
      <input_file id="fl-9">
         <path>./driverlib/MSP430FR5xx_6xx/</path>
         <kind>object</kind>
         <file>crc32.obj</file>
         <name>crc32.obj</name>
      </input_file>
      <input_file id="fl-a">
         <path>./driverlib/MSP430FR5xx_6xx/</path>
         <kind>object</kind>
         <file>cs.obj</file>
         <name>cs.obj</name>
      </input_file>
      <input_file id="fl-b">
         <path>./driverlib/MSP430FR5xx_6xx/</path>
         <kind>object</kind>
         <file>dma.obj</file>
         <name>dma.obj</name>
      </input_file>
      <input_file id="fl-c">
         <path>./driverlib/MSP430FR5xx_6xx/</path>
         <kind>object</kind>
         <file>esi.obj</file>
         <name>esi.obj</name>
      </input_file>
      <input_file id="fl-d">
         <path>./driverlib/MSP430FR5xx_6xx/</path>
         <kind>object</kind>
         <file>eusci_a_spi.obj</file>
         <name>eusci_a_spi.obj</name>
      </input_file>
      <input_file id="fl-e">
         <path>./driverlib/MSP430FR5xx_6xx/</path>
         <kind>object</kind>
         <file>eusci_a_uart.obj</file>
         <name>eusci_a_uart.obj</name>
      </input_file>
      <input_file id="fl-f">
         <path>./driverlib/MSP430FR5xx_6xx/</path>
         <kind>object</kind>
         <file>eusci_b_i2c.obj</file>
         <name>eusci_b_i2c.obj</name>
      </input_file>
      <input_file id="fl-10">
         <path>./driverlib/MSP430FR5xx_6xx/</path>
         <kind>object</kind>
         <file>eusci_b_spi.obj</file>
         <name>eusci_b_spi.obj</name>
      </input_file>
      <input_file id="fl-11">
         <path>./driverlib/MSP430FR5xx_6xx/</path>
         <kind>object</kind>
         <file>framctl.obj</file>
         <name>framctl.obj</name>
      </input_file>
      <input_file id="fl-12">
         <path>./driverlib/MSP430FR5xx_6xx/</path>
         <kind>object</kind>
         <file>gpio.obj</file>
         <name>gpio.obj</name>
      </input_file>
      <input_file id="fl-13">
         <path>./driverlib/MSP430FR5xx_6xx/</path>
         <kind>object</kind>
         <file>lcd_c.obj</file>
         <name>lcd_c.obj</name>
      </input_file>
      <input_file id="fl-14">
         <path>./driverlib/MSP430FR5xx_6xx/</path>
         <kind>object</kind>
         <file>mpu.obj</file>
         <name>mpu.obj</name>
      </input_file>
      <input_file id="fl-15">
         <path>./driverlib/MSP430FR5xx_6xx/</path>
         <kind>object</kind>
         <file>mpy32.obj</file>
         <name>mpy32.obj</name>
      </input_file>
      <input_file id="fl-16">
         <path>./driverlib/MSP430FR5xx_6xx/</path>
         <kind>object</kind>
         <file>pmm.obj</file>
         <name>pmm.obj</name>
      </input_file>
      <input_file id="fl-17">
         <path>./driverlib/MSP430FR5xx_6xx/</path>
         <kind>object</kind>
         <file>ram.obj</file>
         <name>ram.obj</name>
      </input_file>
      <input_file id="fl-18">
         <path>./driverlib/MSP430FR5xx_6xx/</path>
         <kind>object</kind>
         <file>ref_a.obj</file>
         <name>ref_a.obj</name>
      </input_file>
      <input_file id="fl-19">
         <path>./driverlib/MSP430FR5xx_6xx/</path>
         <kind>object</kind>
         <file>rtc_b.obj</file>
         <name>rtc_b.obj</name>
      </input_file>
      <input_file id="fl-1a">
         <path>./driverlib/MSP430FR5xx_6xx/</path>
         <kind>object</kind>
         <file>rtc_c.obj</file>
         <name>rtc_c.obj</name>
      </input_file>
      <input_file id="fl-1b">
         <path>./driverlib/MSP430FR5xx_6xx/</path>
         <kind>object</kind>
         <file>sfr.obj</file>
         <name>sfr.obj</name>
      </input_file>
      <input_file id="fl-1c">
         <path>./driverlib/MSP430FR5xx_6xx/</path>
         <kind>object</kind>
         <file>sysctl.obj</file>
         <name>sysctl.obj</name>
      </input_file>
      <input_file id="fl-1d">
         <path>./driverlib/MSP430FR5xx_6xx/</path>
         <kind>object</kind>
         <file>timer_a.obj</file>
         <name>timer_a.obj</name>
      </input_file>
      <input_file id="fl-1e">
         <path>./driverlib/MSP430FR5xx_6xx/</path>
         <kind>object</kind>
         <file>timer_b.obj</file>
         <name>timer_b.obj</name>
      </input_file>
      <input_file id="fl-1f">
         <path>./driverlib/MSP430FR5xx_6xx/</path>
         <kind>object</kind>
         <file>tlv.obj</file>
         <name>tlv.obj</name>
      </input_file>
      <input_file id="fl-20">
         <path>./driverlib/MSP430FR5xx_6xx/</path>
         <kind>object</kind>
         <file>wdt_a.obj</file>
         <name>wdt_a.obj</name>
      </input_file>
      <input_file id="fl-5b">
         <path>/home/developer/ti/ccsv6/tools/compiler/ti-cgt-msp430_4.4.5/lib/</path>
         <kind>archive</kind>
         <file>rts430x_lc_rd_eabi.lib</file>
         <name>copy_decompress_none.obj</name>
      </input_file>
      <input_file id="fl-5c">
         <path>/home/developer/ti/ccsv6/tools/compiler/ti-cgt-msp430_4.4.5/lib/</path>
         <kind>archive</kind>
         <file>rts430x_lc_rd_eabi.lib</file>
         <name>copy_decompress_rle.obj</name>
      </input_file>
      <input_file id="fl-5d">
         <path>/home/developer/ti/ccsv6/tools/compiler/ti-cgt-msp430_4.4.5/lib/</path>
         <kind>archive</kind>
         <file>rts430x_lc_rd_eabi.lib</file>
         <name>int27.obj</name>
      </input_file>
      <input_file id="fl-5e">
         <path>/home/developer/ti/ccsv6/tools/compiler/ti-cgt-msp430_4.4.5/lib/</path>
         <kind>archive</kind>
         <file>rts430x_lc_rd_eabi.lib</file>
         <name>isr_trap.obj</name>
      </input_file>
      <input_file id="fl-5f">
         <path>/home/developer/ti/ccsv6/tools/compiler/ti-cgt-msp430_4.4.5/lib/</path>
         <kind>archive</kind>
         <file>rts430x_lc_rd_eabi.lib</file>
         <name>int29.obj</name>
      </input_file>
      <input_file id="fl-60">
         <path>/home/developer/ti/ccsv6/tools/compiler/ti-cgt-msp430_4.4.5/lib/</path>
         <kind>archive</kind>
         <file>rts430x_lc_rd_eabi.lib</file>
         <name>int30.obj</name>
      </input_file>
      <input_file id="fl-61">
         <path>/home/developer/ti/ccsv6/tools/compiler/ti-cgt-msp430_4.4.5/lib/</path>
         <kind>archive</kind>
         <file>rts430x_lc_rd_eabi.lib</file>
         <name>int31.obj</name>
      </input_file>
      <input_file id="fl-62">
         <path>/home/developer/ti/ccsv6/tools/compiler/ti-cgt-msp430_4.4.5/lib/</path>
         <kind>archive</kind>
         <file>rts430x_lc_rd_eabi.lib</file>
         <name>int32.obj</name>
      </input_file>
      <input_file id="fl-63">
         <path>/home/developer/ti/ccsv6/tools/compiler/ti-cgt-msp430_4.4.5/lib/</path>
         <kind>archive</kind>
         <file>rts430x_lc_rd_eabi.lib</file>
         <name>int33.obj</name>
      </input_file>
      <input_file id="fl-64">
         <path>/home/developer/ti/ccsv6/tools/compiler/ti-cgt-msp430_4.4.5/lib/</path>
         <kind>archive</kind>
         <file>rts430x_lc_rd_eabi.lib</file>
         <name>int34.obj</name>
      </input_file>
      <input_file id="fl-65">
         <path>/home/developer/ti/ccsv6/tools/compiler/ti-cgt-msp430_4.4.5/lib/</path>
         <kind>archive</kind>
         <file>rts430x_lc_rd_eabi.lib</file>
         <name>int35.obj</name>
      </input_file>
      <input_file id="fl-66">
         <path>/home/developer/ti/ccsv6/tools/compiler/ti-cgt-msp430_4.4.5/lib/</path>
         <kind>archive</kind>
         <file>rts430x_lc_rd_eabi.lib</file>
         <name>int36.obj</name>
      </input_file>
      <input_file id="fl-67">
         <path>/home/developer/ti/ccsv6/tools/compiler/ti-cgt-msp430_4.4.5/lib/</path>
         <kind>archive</kind>
         <file>rts430x_lc_rd_eabi.lib</file>
         <name>int38.obj</name>
      </input_file>
      <input_file id="fl-68">
         <path>/home/developer/ti/ccsv6/tools/compiler/ti-cgt-msp430_4.4.5/lib/</path>
         <kind>archive</kind>
         <file>rts430x_lc_rd_eabi.lib</file>
         <name>int39.obj</name>
      </input_file>
      <input_file id="fl-69">
         <path>/home/developer/ti/ccsv6/tools/compiler/ti-cgt-msp430_4.4.5/lib/</path>
         <kind>archive</kind>
         <file>rts430x_lc_rd_eabi.lib</file>
         <name>int40.obj</name>
      </input_file>
      <input_file id="fl-6a">
         <path>/home/developer/ti/ccsv6/tools/compiler/ti-cgt-msp430_4.4.5/lib/</path>
         <kind>archive</kind>
         <file>rts430x_lc_rd_eabi.lib</file>
         <name>int41.obj</name>
      </input_file>
      <input_file id="fl-6b">
         <path>/home/developer/ti/ccsv6/tools/compiler/ti-cgt-msp430_4.4.5/lib/</path>
         <kind>archive</kind>
         <file>rts430x_lc_rd_eabi.lib</file>
         <name>int42.obj</name>
      </input_file>
      <input_file id="fl-6c">
         <path>/home/developer/ti/ccsv6/tools/compiler/ti-cgt-msp430_4.4.5/lib/</path>
         <kind>archive</kind>
         <file>rts430x_lc_rd_eabi.lib</file>
         <name>int43.obj</name>
      </input_file>
      <input_file id="fl-6d">
         <path>/home/developer/ti/ccsv6/tools/compiler/ti-cgt-msp430_4.4.5/lib/</path>
         <kind>archive</kind>
         <file>rts430x_lc_rd_eabi.lib</file>
         <name>int46.obj</name>
      </input_file>
      <input_file id="fl-6e">
         <path>/home/developer/ti/ccsv6/tools/compiler/ti-cgt-msp430_4.4.5/lib/</path>
         <kind>archive</kind>
         <file>rts430x_lc_rd_eabi.lib</file>
         <name>int47.obj</name>
      </input_file>
      <input_file id="fl-6f">
         <path>/home/developer/ti/ccsv6/tools/compiler/ti-cgt-msp430_4.4.5/lib/</path>
         <kind>archive</kind>
         <file>rts430x_lc_rd_eabi.lib</file>
         <name>int48.obj</name>
      </input_file>
      <input_file id="fl-70">
         <path>/home/developer/ti/ccsv6/tools/compiler/ti-cgt-msp430_4.4.5/lib/</path>
         <kind>archive</kind>
         <file>rts430x_lc_rd_eabi.lib</file>
         <name>int49.obj</name>
      </input_file>
      <input_file id="fl-71">
         <path>/home/developer/ti/ccsv6/tools/compiler/ti-cgt-msp430_4.4.5/lib/</path>
         <kind>archive</kind>
         <file>rts430x_lc_rd_eabi.lib</file>
         <name>int50.obj</name>
      </input_file>
      <input_file id="fl-72">
         <path>/home/developer/ti/ccsv6/tools/compiler/ti-cgt-msp430_4.4.5/lib/</path>
         <kind>archive</kind>
         <file>rts430x_lc_rd_eabi.lib</file>
         <name>int51.obj</name>
      </input_file>
      <input_file id="fl-73">
         <path>/home/developer/ti/ccsv6/tools/compiler/ti-cgt-msp430_4.4.5/lib/</path>
         <kind>archive</kind>
         <file>rts430x_lc_rd_eabi.lib</file>
         <name>int52.obj</name>
      </input_file>
      <input_file id="fl-74">
         <path>/home/developer/ti/ccsv6/tools/compiler/ti-cgt-msp430_4.4.5/lib/</path>
         <kind>archive</kind>
         <file>rts430x_lc_rd_eabi.lib</file>
         <name>int53.obj</name>
      </input_file>
      <input_file id="fl-75">
         <path>/home/developer/ti/ccsv6/tools/compiler/ti-cgt-msp430_4.4.5/lib/</path>
         <kind>archive</kind>
         <file>rts430x_lc_rd_eabi.lib</file>
         <name>int54.obj</name>
      </input_file>
      <input_file id="fl-76">
         <path>/home/developer/ti/ccsv6/tools/compiler/ti-cgt-msp430_4.4.5/lib/</path>
         <kind>archive</kind>
         <file>rts430x_lc_rd_eabi.lib</file>
         <name>copy_zero_init.obj</name>
      </input_file>
      <input_file id="fl-77">
         <path>/home/developer/ti/ccsv6/tools/compiler/ti-cgt-msp430_4.4.5/lib/</path>
         <kind>archive</kind>
         <file>rts430x_lc_rd_eabi.lib</file>
         <name>div16s.obj</name>
      </input_file>
      <input_file id="fl-78">
         <path>/home/developer/ti/ccsv6/tools/compiler/ti-cgt-msp430_4.4.5/lib/</path>
         <kind>archive</kind>
         <file>rts430x_lc_rd_eabi.lib</file>
         <name>div32s.obj</name>
      </input_file>
      <input_file id="fl-79">
         <path>/home/developer/ti/ccsv6/tools/compiler/ti-cgt-msp430_4.4.5/lib/</path>
         <kind>archive</kind>
         <file>rts430x_lc_rd_eabi.lib</file>
         <name>div16u.obj</name>
      </input_file>
      <input_file id="fl-7a">
         <path>/home/developer/ti/ccsv6/tools/compiler/ti-cgt-msp430_4.4.5/lib/</path>
         <kind>archive</kind>
         <file>rts430x_lc_rd_eabi.lib</file>
         <name>div32u.obj</name>
      </input_file>
      <input_file id="fl-7b">
         <path>/home/developer/ti/ccsv6/tools/compiler/ti-cgt-msp430_4.4.5/lib/</path>
         <kind>archive</kind>
         <file>rts430x_lc_rd_eabi.lib</file>
         <name>mult16_f5hw.obj</name>
      </input_file>
      <input_file id="fl-7c">
         <path>/home/developer/ti/ccsv6/tools/compiler/ti-cgt-msp430_4.4.5/lib/</path>
         <kind>archive</kind>
         <file>rts430x_lc_rd_eabi.lib</file>
         <name>mult32_f5hw.obj</name>
      </input_file>
      <input_file id="fl-7d">
         <path>/home/developer/ti/ccsv6/tools/compiler/ti-cgt-msp430_4.4.5/lib/</path>
         <kind>archive</kind>
         <file>rts430x_lc_rd_eabi.lib</file>
         <name>mult64_f5hw.obj</name>
      </input_file>
      <input_file id="fl-7e">
         <path>/home/developer/ti/ccsv6/tools/compiler/ti-cgt-msp430_4.4.5/lib/</path>
         <kind>archive</kind>
         <file>rts430x_lc_rd_eabi.lib</file>
         <name>mult1632_f5hw.obj</name>
      </input_file>
      <input_file id="fl-7f">
         <path>/home/developer/ti/ccsv6/tools/compiler/ti-cgt-msp430_4.4.5/lib/</path>
         <kind>archive</kind>
         <file>rts430x_lc_rd_eabi.lib</file>
         <name>mult3264_f5hw.obj</name>
      </input_file>
      <input_file id="fl-80">
         <path>/home/developer/ti/ccsv6/tools/compiler/ti-cgt-msp430_4.4.5/lib/</path>
         <kind>archive</kind>
         <file>rts430x_lc_rd_eabi.lib</file>
         <name>lsl16.obj</name>
      </input_file>
      <input_file id="fl-81">
         <path>/home/developer/ti/ccsv6/tools/compiler/ti-cgt-msp430_4.4.5/lib/</path>
         <kind>archive</kind>
         <file>rts430x_lc_rd_eabi.lib</file>
         <name>asr16.obj</name>
      </input_file>
      <input_file id="fl-82">
         <path>/home/developer/ti/ccsv6/tools/compiler/ti-cgt-msp430_4.4.5/lib/</path>
         <kind>archive</kind>
         <file>rts430x_lc_rd_eabi.lib</file>
         <name>lsr16.obj</name>
      </input_file>
      <input_file id="fl-83">
         <path>/home/developer/ti/ccsv6/tools/compiler/ti-cgt-msp430_4.4.5/lib/</path>
         <kind>archive</kind>
         <file>rts430x_lc_rd_eabi.lib</file>
         <name>boot.obj</name>
      </input_file>
      <input_file id="fl-84">
         <path>/home/developer/ti/ccsv6/tools/compiler/ti-cgt-msp430_4.4.5/lib/</path>
         <kind>archive</kind>
         <file>rts430x_lc_rd_eabi.lib</file>
         <name>args_main.obj</name>
      </input_file>
      <input_file id="fl-85">
         <path>/home/developer/ti/ccsv6/tools/compiler/ti-cgt-msp430_4.4.5/lib/</path>
         <kind>archive</kind>
         <file>rts430x_lc_rd_eabi.lib</file>
         <name>autoinit_wdt.obj</name>
      </input_file>
      <input_file id="fl-86">
         <path>/home/developer/ti/ccsv6/tools/compiler/ti-cgt-msp430_4.4.5/lib/</path>
         <kind>archive</kind>
         <file>rts430x_lc_rd_eabi.lib</file>
         <name>boot_special.obj</name>
      </input_file>
      <input_file id="fl-87">
         <path>/home/developer/ti/ccsv6/ccs_base/msp430/lib/FR59xx/</path>
         <kind>archive</kind>
         <file>MSPMPU_INIT_LIB_CCS_msp430_large_code_restricted_data.lib</file>
         <name>mpu_init.o</name>
      </input_file>
      <input_file id="fl-88">
         <path>/home/developer/ti/ccsv6/tools/compiler/ti-cgt-msp430_4.4.5/lib/</path>
         <kind>archive</kind>
         <file>rts430x_lc_rd_eabi.lib</file>
         <name>pre_init.obj</name>
      </input_file>
      <input_file id="fl-89">
         <path>/home/developer/ti/ccsv6/tools/compiler/ti-cgt-msp430_4.4.5/lib/</path>
         <kind>archive</kind>
         <file>rts430x_lc_rd_eabi.lib</file>
         <name>exit.obj</name>
      </input_file>
      <input_file id="fl-8a">
         <path>/home/developer/ti/ccsv6/tools/compiler/ti-cgt-msp430_4.4.5/lib/</path>
         <kind>archive</kind>
         <file>rts430x_lc_rd_eabi.lib</file>
         <name>exit_gvars.obj</name>
      </input_file>
      <input_file id="fl-8b">
         <path>/home/developer/ti/ccsv6/tools/compiler/ti-cgt-msp430_4.4.5/lib/</path>
         <kind>archive</kind>
         <file>rts430x_lc_rd_eabi.lib</file>
         <name>_lock.obj</name>
      </input_file>
      <input_file id="fl-8c">
         <path>/home/developer/ti/ccsv6/tools/compiler/ti-cgt-msp430_4.4.5/lib/</path>
         <kind>archive</kind>
         <file>rts430x_lc_rd_eabi.lib</file>
         <name>memcpy.obj</name>
      </input_file>
      <input_file id="fl-8d">
         <path>/home/developer/ti/ccsv6/tools/compiler/ti-cgt-msp430_4.4.5/lib/</path>
         <kind>archive</kind>
         <file>rts430x_lc_rd_eabi.lib</file>
         <name>fputs.obj</name>
      </input_file>
      <input_file id="fl-8e">
         <path>/home/developer/ti/ccsv6/tools/compiler/ti-cgt-msp430_4.4.5/lib/</path>
         <kind>archive</kind>
         <file>rts430x_lc_rd_eabi.lib</file>
         <name>fflush.obj</name>
      </input_file>
      <input_file id="fl-8f">
         <path>/home/developer/ti/ccsv6/tools/compiler/ti-cgt-msp430_4.4.5/lib/</path>
         <kind>archive</kind>
         <file>rts430x_lc_rd_eabi.lib</file>
         <name>defs.obj</name>
      </input_file>
      <input_file id="fl-90">
         <path>/home/developer/ti/ccsv6/tools/compiler/ti-cgt-msp430_4.4.5/lib/</path>
         <kind>archive</kind>
         <file>rts430x_lc_rd_eabi.lib</file>
         <name>_io_perm.obj</name>
      </input_file>
      <input_file id="fl-91">
         <path>/home/developer/ti/ccsv6/tools/compiler/ti-cgt-msp430_4.4.5/lib/</path>
         <kind>archive</kind>
         <file>rts430x_lc_rd_eabi.lib</file>
         <name>fseek.obj</name>
      </input_file>
      <input_file id="fl-92">
         <path>/home/developer/ti/ccsv6/tools/compiler/ti-cgt-msp430_4.4.5/lib/</path>
         <kind>archive</kind>
         <file>rts430x_lc_rd_eabi.lib</file>
         <name>lowlev.obj</name>
      </input_file>
      <input_file id="fl-93">
         <path>/home/developer/ti/ccsv6/tools/compiler/ti-cgt-msp430_4.4.5/lib/</path>
         <kind>archive</kind>
         <file>rts430x_lc_rd_eabi.lib</file>
         <name>trgdrv.obj</name>
      </input_file>
      <input_file id="fl-94">
         <path>/home/developer/ti/ccsv6/tools/compiler/ti-cgt-msp430_4.4.5/lib/</path>
         <kind>archive</kind>
         <file>rts430x_lc_rd_eabi.lib</file>
         <name>trgmsg.obj</name>
      </input_file>
      <input_file id="fl-95">
         <path>/home/developer/ti/ccsv6/tools/compiler/ti-cgt-msp430_4.4.5/lib/</path>
         <kind>archive</kind>
         <file>rts430x_lc_rd_eabi.lib</file>
         <name>mult16.obj</name>
      </input_file>
      <input_file id="fl-96">
         <path>/home/developer/ti/ccsv6/tools/compiler/ti-cgt-msp430_4.4.5/lib/</path>
         <kind>archive</kind>
         <file>rts430x_lc_rd_eabi.lib</file>
         <name>lsl32.obj</name>
      </input_file>
      <input_file id="fl-97">
         <path>/home/developer/ti/ccsv6/tools/compiler/ti-cgt-msp430_4.4.5/lib/</path>
         <kind>archive</kind>
         <file>rts430x_lc_rd_eabi.lib</file>
         <name>lsr32.obj</name>
      </input_file>
      <input_file id="fl-98">
         <path>/home/developer/ti/ccsv6/tools/compiler/ti-cgt-msp430_4.4.5/lib/</path>
         <kind>archive</kind>
         <file>rts430x_lc_rd_eabi.lib</file>
         <name>memchr.obj</name>
      </input_file>
      <input_file id="fl-99">
         <path>/home/developer/ti/ccsv6/tools/compiler/ti-cgt-msp430_4.4.5/lib/</path>
         <kind>archive</kind>
         <file>rts430x_lc_rd_eabi.lib</file>
         <name>setvbuf.obj</name>
      </input_file>
      <input_file id="fl-9a">
         <path>/home/developer/ti/ccsv6/tools/compiler/ti-cgt-msp430_4.4.5/lib/</path>
         <kind>archive</kind>
         <file>rts430x_lc_rd_eabi.lib</file>
         <name>fopen.obj</name>
      </input_file>
      <input_file id="fl-9b">
         <path>/home/developer/ti/ccsv6/tools/compiler/ti-cgt-msp430_4.4.5/lib/</path>
         <kind>archive</kind>
         <file>rts430x_lc_rd_eabi.lib</file>
         <name>fclose.obj</name>
      </input_file>
      <input_file id="fl-9c">
         <path>/home/developer/ti/ccsv6/tools/compiler/ti-cgt-msp430_4.4.5/lib/</path>
         <kind>archive</kind>
         <file>rts430x_lc_rd_eabi.lib</file>
         <name>memory.obj</name>
      </input_file>
      <input_file id="fl-9d">
         <path>/home/developer/ti/ccsv6/tools/compiler/ti-cgt-msp430_4.4.5/lib/</path>
         <kind>archive</kind>
         <file>rts430x_lc_rd_eabi.lib</file>
         <name>memset.obj</name>
      </input_file>
      <input_file id="fl-9e">
         <path>/home/developer/ti/ccsv6/tools/compiler/ti-cgt-msp430_4.4.5/lib/</path>
         <kind>archive</kind>
         <file>rts430x_lc_rd_eabi.lib</file>
         <name>remove.obj</name>
      </input_file>
      <input_file id="fl-9f">
         <path>/home/developer/ti/ccsv6/tools/compiler/ti-cgt-msp430_4.4.5/lib/</path>
         <kind>archive</kind>
         <file>rts430x_lc_rd_eabi.lib</file>
         <name>strchr.obj</name>
      </input_file>
      <input_file id="fl-a0">
         <path>/home/developer/ti/ccsv6/tools/compiler/ti-cgt-msp430_4.4.5/lib/</path>
         <kind>archive</kind>
         <file>rts430x_lc_rd_eabi.lib</file>
         <name>strcmp.obj</name>
      </input_file>
      <input_file id="fl-a1">
         <path>/home/developer/ti/ccsv6/tools/compiler/ti-cgt-msp430_4.4.5/lib/</path>
         <kind>archive</kind>
         <file>rts430x_lc_rd_eabi.lib</file>
         <name>strcpy.obj</name>
      </input_file>
      <input_file id="fl-a2">
         <path>/home/developer/ti/ccsv6/tools/compiler/ti-cgt-msp430_4.4.5/lib/</path>
         <kind>archive</kind>
         <file>rts430x_lc_rd_eabi.lib</file>
         <name>strlen.obj</name>
      </input_file>
      <input_file id="fl-a3">
         <path>/home/developer/ti/ccsv6/tools/compiler/ti-cgt-msp430_4.4.5/lib/</path>
         <kind>archive</kind>
         <file>rts430x_lc_rd_eabi.lib</file>
         <name>strncpy.obj</name>
      </input_file>
   </input_file_list>
   <object_component_list>
      <object_component id="oc-46a">
         <name>.cio</name>
         <uninitialized>true</uninitialized>
         <run_address>0x4400</run_address>
         <size>0x120</size>
         <input_file_ref idref="fl-94"/>
      </object_component>
      <object_component id="oc-e3">
         <name>.sysmem</name>
         <uninitialized>true</uninitialized>
         <run_address>0x4520</run_address>
         <size>0x6</size>
         <input_file_ref idref="fl-9c"/>
      </object_component>
      <object_component id="oc-509">
         <name>.sysmem</name>
         <uninitialized>true</uninitialized>
         <run_address>0x4520</run_address>
         <size>0x0</size>
      </object_component>
      <object_component id="oc-507">
         <name>.cinit..data.load</name>
         <load_address>0x4c0a</load_address>
         <run_address>0x4c0a</run_address>
         <size>0x6d</size>
      </object_component>
      <object_component id="oc-503">
         <name>__TI_handler_table</name>
         <load_address>0x4c78</load_address>
         <run_address>0x4c78</run_address>
         <size>0xc</size>
      </object_component>
      <object_component id="oc-506">
         <name>.cinit..bss.load</name>
         <load_address>0x4c84</load_address>
         <run_address>0x4c84</run_address>
         <size>0x6</size>
      </object_component>
      <object_component id="oc-505">
         <name>.cinit..cio.load</name>
         <load_address>0x4c8a</load_address>
         <run_address>0x4c8a</run_address>
         <size>0x6</size>
      </object_component>
      <object_component id="oc-504">
         <name>__TI_cinit_table</name>
         <load_address>0x4c90</load_address>
         <run_address>0x4c90</run_address>
         <size>0x18</size>
      </object_component>
      <object_component id="oc-36d">
         <name>.const:.string</name>
         <load_address>0x4970</load_address>
         <run_address>0x4970</run_address>
         <size>0x100</size>
         <input_file_ref idref="fl-4"/>
      </object_component>
      <object_component id="oc-2f0">
         <name>.const:well_lookup_table</name>
         <load_address>0x4a70</load_address>
         <run_address>0x4a70</run_address>
         <size>0x100</size>
         <input_file_ref idref="fl-4"/>
      </object_component>
      <object_component id="oc-340">
         <name>.const:alphabetBig</name>
         <load_address>0x4b70</load_address>
         <run_address>0x4b70</run_address>
         <size>0x34</size>
         <input_file_ref idref="fl-2"/>
      </object_component>
      <object_component id="oc-2d0">
         <name>.const:.string</name>
         <load_address>0x4ba4</load_address>
         <run_address>0x4ba4</run_address>
         <size>0x1c</size>
         <input_file_ref idref="fl-3"/>
      </object_component>
      <object_component id="oc-2cc">
         <name>.const:GPIO_PORT_TO_BASE</name>
         <load_address>0x4bc0</load_address>
         <run_address>0x4bc0</run_address>
         <size>0x1c</size>
         <input_file_ref idref="fl-12"/>
      </object_component>
      <object_component id="oc-343">
         <name>.const:digit</name>
         <load_address>0x4bdc</load_address>
         <run_address>0x4bdc</run_address>
         <size>0x14</size>
         <input_file_ref idref="fl-2"/>
      </object_component>
      <object_component id="oc-28d">
         <name>.const</name>
         <load_address>0x4bf0</load_address>
         <run_address>0x4bf0</run_address>
         <size>0xc</size>
         <input_file_ref idref="fl-2"/>
      </object_component>
      <object_component id="oc-2d7">
         <name>.const:.string:$P$T1$2</name>
         <load_address>0x4bfc</load_address>
         <run_address>0x4bfc</run_address>
         <size>0x6</size>
         <input_file_ref idref="fl-2"/>
      </object_component>
      <object_component id="oc-1d9">
         <name>.const</name>
         <load_address>0x4c02</load_address>
         <run_address>0x4c02</run_address>
         <size>0x4</size>
         <input_file_ref idref="fl-3"/>
      </object_component>
      <object_component id="oc-2eb">
         <name>.const:.string</name>
         <load_address>0x4c06</load_address>
         <run_address>0x4c06</run_address>
         <size>0x2</size>
         <input_file_ref idref="fl-8d"/>
      </object_component>
      <object_component id="oc-21a">
         <name>.const</name>
         <load_address>0x4c08</load_address>
         <run_address>0x4c08</run_address>
         <size>0x1</size>
         <input_file_ref idref="fl-4"/>
      </object_component>
      <object_component id="oc-10b">
         <name>.text:_isr:PORT1_ISR</name>
         <load_address>0x4800</load_address>
         <run_address>0x4800</run_address>
         <size>0x6c</size>
         <input_file_ref idref="fl-3"/>
      </object_component>
      <object_component id="oc-111">
         <name>.text:_isr:TIMER0_A0_ISR</name>
         <load_address>0x486c</load_address>
         <run_address>0x486c</run_address>
         <size>0x6c</size>
         <input_file_ref idref="fl-3"/>
      </object_component>
      <object_component id="oc-105">
         <name>.text:_isr:RTC_ISR</name>
         <load_address>0x48d8</load_address>
         <run_address>0x48d8</run_address>
         <size>0x52</size>
         <input_file_ref idref="fl-3"/>
      </object_component>
      <object_component id="oc-117">
         <name>.text:_isr:ADC12_ISR</name>
         <load_address>0x492a</load_address>
         <run_address>0x492a</run_address>
         <size>0x20</size>
         <input_file_ref idref="fl-3"/>
      </object_component>
      <object_component id="oc-b5">
         <name>.text:_isr:_c_int00_noargs_mpu</name>
         <load_address>0x494a</load_address>
         <run_address>0x494a</run_address>
         <size>0x20</size>
         <input_file_ref idref="fl-86"/>
      </object_component>
      <object_component id="oc-100">
         <name>.text:_isr:__TI_ISR_TRAP</name>
         <load_address>0x496a</load_address>
         <run_address>0x496a</run_address>
         <size>0x6</size>
         <input_file_ref idref="fl-5e"/>
      </object_component>
      <object_component id="oc-1c1">
         <name>.text:Init_GPIO</name>
         <load_address>0x10000</load_address>
         <run_address>0x10000</run_address>
         <size>0x12c</size>
         <input_file_ref idref="fl-3"/>
      </object_component>
      <object_component id="oc-1da">
         <name>.text:displayScrollText</name>
         <load_address>0x1012c</load_address>
         <run_address>0x1012c</run_address>
         <size>0xf6</size>
         <input_file_ref idref="fl-2"/>
      </object_component>
      <object_component id="oc-2e5">
         <name>.text:fputs</name>
         <load_address>0x10222</load_address>
         <run_address>0x10222</run_address>
         <size>0xf0</size>
         <input_file_ref idref="fl-8d"/>
      </object_component>
      <object_component id="oc-1ec">
         <name>.text:clearLCD</name>
         <load_address>0x10312</load_address>
         <run_address>0x10312</run_address>
         <size>0xea</size>
         <input_file_ref idref="fl-2"/>
      </object_component>
      <object_component id="oc-387">
         <name>.text:setvbuf</name>
         <load_address>0x103fc</load_address>
         <run_address>0x103fc</run_address>
         <size>0xe0</size>
         <input_file_ref idref="fl-99"/>
      </object_component>
      <object_component id="oc-3ab">
         <name>.text:malloc</name>
         <load_address>0x104dc</load_address>
         <run_address>0x104dc</run_address>
         <size>0xba</size>
         <input_file_ref idref="fl-9c"/>
      </object_component>
      <object_component id="oc-1cd">
         <name>.text:Init_LCD</name>
         <load_address>0x10596</load_address>
         <run_address>0x10596</run_address>
         <size>0xa6</size>
         <input_file_ref idref="fl-2"/>
      </object_component>
      <object_component id="oc-40e">
         <name>.text:HOSTlseek</name>
         <load_address>0x1063c</load_address>
         <run_address>0x1063c</run_address>
         <size>0x9e</size>
         <input_file_ref idref="fl-93"/>
      </object_component>
      <object_component id="oc-3a5">
         <name>.text:free</name>
         <load_address>0x106da</load_address>
         <run_address>0x106da</run_address>
         <size>0x8e</size>
         <input_file_ref idref="fl-9c"/>
      </object_component>
      <object_component id="oc-296">
         <name>.text:LCD_C_setPinAsLCDFunctionEx</name>
         <load_address>0x10768</load_address>
         <run_address>0x10768</run_address>
         <size>0x8a</size>
         <input_file_ref idref="fl-13"/>
      </object_component>
      <object_component id="oc-34d">
         <name>.text:__TI_wrt_ok</name>
         <load_address>0x107f2</load_address>
         <run_address>0x107f2</run_address>
         <size>0x7e</size>
         <input_file_ref idref="fl-90"/>
      </object_component>
      <object_component id="oc-2da">
         <name>.text:showChar</name>
         <load_address>0x10870</load_address>
         <run_address>0x10870</run_address>
         <size>0x7e</size>
         <input_file_ref idref="fl-2"/>
      </object_component>
      <object_component id="oc-17f">
         <name>.text:Timer_A_initUpMode</name>
         <load_address>0x108ee</load_address>
         <run_address>0x108ee</run_address>
         <size>0x7c</size>
         <input_file_ref idref="fl-1d"/>
      </object_component>
      <object_component id="oc-41a">
         <name>.text:HOSTrename</name>
         <load_address>0x1096a</load_address>
         <run_address>0x1096a</run_address>
         <size>0x74</size>
         <input_file_ref idref="fl-93"/>
      </object_component>
      <object_component id="oc-273">
         <name>.text:GPIO_setAsPeripheralModuleFunctionInputPin</name>
         <load_address>0x109de</load_address>
         <run_address>0x109de</run_address>
         <size>0x72</size>
         <input_file_ref idref="fl-12"/>
      </object_component>
      <object_component id="oc-3ea">
         <name>.text:__TI_closefile</name>
         <load_address>0x10a50</load_address>
         <run_address>0x10a50</run_address>
         <size>0x70</size>
         <input_file_ref idref="fl-9b"/>
      </object_component>
      <object_component id="oc-3f6">
         <name>.text:HOSTopen</name>
         <load_address>0x10ac0</load_address>
         <run_address>0x10ac0</run_address>
         <size>0x6e</size>
         <input_file_ref idref="fl-93"/>
      </object_component>
      <object_component id="oc-12a">
         <name>.text:_auto_init_hold_wdt</name>
         <load_address>0x10b2e</load_address>
         <run_address>0x10b2e</run_address>
         <size>0x6c</size>
         <input_file_ref idref="fl-85"/>
      </object_component>
      <object_component id="oc-408">
         <name>.text:HOSTwrite</name>
         <load_address>0x10b9a</load_address>
         <run_address>0x10b9a</run_address>
         <size>0x6a</size>
         <input_file_ref idref="fl-93"/>
      </object_component>
      <object_component id="oc-381">
         <name>.text:fseek</name>
         <load_address>0x10c04</load_address>
         <run_address>0x10c04</run_address>
         <size>0x6a</size>
         <input_file_ref idref="fl-91"/>
      </object_component>
      <object_component id="oc-402">
         <name>.text:HOSTread</name>
         <load_address>0x10c6e</load_address>
         <run_address>0x10c6e</run_address>
         <size>0x68</size>
         <input_file_ref idref="fl-93"/>
      </object_component>
      <object_component id="oc-f3">
         <name>.text:__TI_decompress_rle_core</name>
         <load_address>0x10cd6</load_address>
         <run_address>0x10cd6</run_address>
         <size>0x68</size>
         <input_file_ref idref="fl-5c"/>
      </object_component>
      <object_component id="oc-144">
         <name>.text:main</name>
         <load_address>0x10d3e</load_address>
         <run_address>0x10d3e</run_address>
         <size>0x68</size>
         <input_file_ref idref="fl-3"/>
      </object_component>
      <object_component id="oc-280">
         <name>.text:CS_initClockSignal</name>
         <load_address>0x10da6</load_address>
         <run_address>0x10da6</run_address>
         <size>0x66</size>
         <input_file_ref idref="fl-a"/>
      </object_component>
      <object_component id="oc-359">
         <name>.text:__TI_doflush</name>
         <load_address>0x10e0c</load_address>
         <run_address>0x10e0c</run_address>
         <size>0x64</size>
         <input_file_ref idref="fl-8e"/>
      </object_component>
      <object_component id="oc-427">
         <name>.text:close</name>
         <load_address>0x10e70</load_address>
         <run_address>0x10e70</run_address>
         <size>0x5a</size>
         <input_file_ref idref="fl-92"/>
      </object_component>
      <object_component id="oc-45f">
         <name>.text:getdevice</name>
         <load_address>0x10eca</load_address>
         <run_address>0x10eca</run_address>
         <size>0x5a</size>
         <input_file_ref idref="fl-92"/>
      </object_component>
      <object_component id="oc-29c">
         <name>.text:LCD_C_setVLCDSource</name>
         <load_address>0x10f24</load_address>
         <run_address>0x10f24</run_address>
         <size>0x52</size>
         <input_file_ref idref="fl-13"/>
      </object_component>
      <object_component id="oc-1f2">
         <name>.text:update_screen</name>
         <load_address>0x10f76</load_address>
         <run_address>0x10f76</run_address>
         <size>0x50</size>
         <input_file_ref idref="fl-4"/>
      </object_component>
      <object_component id="oc-3fc">
         <name>.text:HOSTclose</name>
         <load_address>0x10fc6</load_address>
         <run_address>0x10fc6</run_address>
         <size>0x4c</size>
         <input_file_ref idref="fl-93"/>
      </object_component>
      <object_component id="oc-267">
         <name>.text:GPIO_setAsInputPinWithPullUpResistor</name>
         <load_address>0x11012</load_address>
         <run_address>0x11012</run_address>
         <size>0x4a</size>
         <input_file_ref idref="fl-12"/>
      </object_component>
      <object_component id="oc-414">
         <name>.text:HOSTunlink</name>
         <load_address>0x1105c</load_address>
         <run_address>0x1105c</run_address>
         <size>0x46</size>
         <input_file_ref idref="fl-93"/>
      </object_component>
      <object_component id="oc-3e3">
         <name>.text:minit</name>
         <load_address>0x110a2</load_address>
         <run_address>0x110a2</run_address>
         <size>0x42</size>
         <input_file_ref idref="fl-9c"/>
      </object_component>
      <object_component id="oc-326">
         <name>.text:setLCDFunction</name>
         <load_address>0x110e4</load_address>
         <run_address>0x110e4</run_address>
         <size>0x42</size>
         <input_file_ref idref="fl-13"/>
      </object_component>
      <object_component id="oc-25b">
         <name>.text:GPIO_setAsInputPin</name>
         <load_address>0x11126</load_address>
         <run_address>0x11126</run_address>
         <size>0x40</size>
         <input_file_ref idref="fl-12"/>
      </object_component>
      <object_component id="oc-450">
         <name>.text:l_lsl_const</name>
         <load_address>0x11166</load_address>
         <run_address>0x11166</run_address>
         <size>0x3e</size>
         <input_file_ref idref="fl-96"/>
      </object_component>
      <object_component id="oc-44b">
         <name>.text:l_lsr_const</name>
         <load_address>0x111a4</load_address>
         <run_address>0x111a4</run_address>
         <size>0x3e</size>
         <input_file_ref idref="fl-97"/>
      </object_component>
      <object_component id="oc-39d">
         <name>.text:lseek</name>
         <load_address>0x111e2</load_address>
         <run_address>0x111e2</run_address>
         <size>0x3e</size>
         <input_file_ref idref="fl-92"/>
      </object_component>
      <object_component id="oc-35f">
         <name>.text:write</name>
         <load_address>0x11220</load_address>
         <run_address>0x11220</run_address>
         <size>0x3c</size>
         <input_file_ref idref="fl-92"/>
      </object_component>
      <object_component id="oc-286">
         <name>.text:CS_turnOnLFXT</name>
         <load_address>0x1125c</load_address>
         <run_address>0x1125c</run_address>
         <size>0x3a</size>
         <input_file_ref idref="fl-a"/>
      </object_component>
      <object_component id="oc-3b1">
         <name>.text:__TI_cleanup</name>
         <load_address>0x11296</load_address>
         <run_address>0x11296</run_address>
         <size>0x36</size>
         <input_file_ref idref="fl-9a"/>
      </object_component>
      <object_component id="oc-43b">
         <name>.text:__TI_writemsg</name>
         <load_address>0x112cc</load_address>
         <run_address>0x112cc</run_address>
         <size>0x36</size>
         <input_file_ref idref="fl-94"/>
      </object_component>
      <object_component id="oc-255">
         <name>.text:GPIO_setAsOutputPin</name>
         <load_address>0x11302</load_address>
         <run_address>0x11302</run_address>
         <size>0x34</size>
         <input_file_ref idref="fl-12"/>
      </object_component>
      <object_component id="oc-441">
         <name>.text:__TI_readmsg</name>
         <load_address>0x11336</load_address>
         <run_address>0x11336</run_address>
         <size>0x32</size>
         <input_file_ref idref="fl-94"/>
      </object_component>
      <object_component id="oc-47a">
         <name>.text:strncpy</name>
         <load_address>0x11368</load_address>
         <run_address>0x11368</run_address>
         <size>0x32</size>
         <input_file_ref idref="fl-a3"/>
      </object_component>
      <object_component id="oc-1c7">
         <name>.text:Init_Clock</name>
         <load_address>0x1139a</load_address>
         <run_address>0x1139a</run_address>
         <size>0x30</size>
         <input_file_ref idref="fl-3"/>
      </object_component>
      <object_component id="oc-42e">
         <name>.text:unlink</name>
         <load_address>0x113ca</load_address>
         <run_address>0x113ca</run_address>
         <size>0x30</size>
         <input_file_ref idref="fl-92"/>
      </object_component>
      <object_component id="oc-261">
         <name>.text:GPIO_selectInterruptEdge</name>
         <load_address>0x113fa</load_address>
         <run_address>0x113fa</run_address>
         <size>0x2e</size>
         <input_file_ref idref="fl-12"/>
      </object_component>
      <object_component id="oc-290">
         <name>.text:LCD_C_init</name>
         <load_address>0x11428</load_address>
         <run_address>0x11428</run_address>
         <size>0x2e</size>
         <input_file_ref idref="fl-13"/>
      </object_component>
      <object_component id="oc-136">
         <name>.text:exit</name>
         <load_address>0x11456</load_address>
         <run_address>0x11456</run_address>
         <size>0x2e</size>
         <input_file_ref idref="fl-89"/>
      </object_component>
      <object_component id="oc-480">
         <name>.text:finddevice</name>
         <load_address>0x11484</load_address>
         <run_address>0x11484</run_address>
         <size>0x2e</size>
         <input_file_ref idref="fl-92"/>
      </object_component>
      <object_component id="oc-2b4">
         <name>.text:LCD_C_configChargePump</name>
         <load_address>0x114b2</load_address>
         <run_address>0x114b2</run_address>
         <size>0x2c</size>
         <input_file_ref idref="fl-13"/>
      </object_component>
      <object_component id="oc-13d">
         <name>.text:__mpu_init</name>
         <load_address>0x114de</load_address>
         <run_address>0x114de</run_address>
         <size>0x28</size>
         <input_file_ref idref="fl-87"/>
      </object_component>
      <object_component id="oc-9d">
         <name>.text:decompress:ZI:__TI_zero_init</name>
         <load_address>0x11506</load_address>
         <run_address>0x11506</run_address>
         <size>0x24</size>
         <input_file_ref idref="fl-76"/>
      </object_component>
      <object_component id="oc-1b5">
         <name>.text:WDT_A_hold</name>
         <load_address>0x1152a</load_address>
         <run_address>0x1152a</run_address>
         <size>0x20</size>
         <input_file_ref idref="fl-20"/>
      </object_component>
      <object_component id="oc-1e0">
         <name>.text:puts</name>
         <load_address>0x1154a</load_address>
         <run_address>0x1154a</run_address>
         <size>0x20</size>
         <input_file_ref idref="fl-8d"/>
      </object_component>
      <object_component id="oc-1d3">
         <name>.text:GPIO_clearInterrupt</name>
         <load_address>0x1156a</load_address>
         <run_address>0x1156a</run_address>
         <size>0x1e</size>
         <input_file_ref idref="fl-12"/>
      </object_component>
      <object_component id="oc-26d">
         <name>.text:GPIO_enableInterrupt</name>
         <load_address>0x11588</load_address>
         <run_address>0x11588</run_address>
         <size>0x1e</size>
         <input_file_ref idref="fl-12"/>
      </object_component>
      <object_component id="oc-24f">
         <name>.text:GPIO_setOutputLowOnPin</name>
         <load_address>0x115a6</load_address>
         <run_address>0x115a6</run_address>
         <size>0x1c</size>
         <input_file_ref idref="fl-12"/>
      </object_component>
      <object_component id="oc-185">
         <name>.text:decrement_well</name>
         <load_address>0x115c2</load_address>
         <run_address>0x115c2</run_address>
         <size>0x1c</size>
         <input_file_ref idref="fl-4"/>
      </object_component>
      <object_component id="oc-179">
         <name>.text:increment_well</name>
         <load_address>0x115de</load_address>
         <run_address>0x115de</run_address>
         <size>0x1c</size>
         <input_file_ref idref="fl-4"/>
      </object_component>
      <object_component id="oc-474">
         <name>.text:strchr</name>
         <load_address>0x115fa</load_address>
         <run_address>0x115fa</run_address>
         <size>0x1c</size>
         <input_file_ref idref="fl-9f"/>
      </object_component>
      <object_component id="oc-491">
         <name>.text:strcmp</name>
         <load_address>0x11616</load_address>
         <run_address>0x11616</run_address>
         <size>0x1c</size>
         <input_file_ref idref="fl-a0"/>
      </object_component>
      <object_component id="oc-1f8">
         <name>.text:taos_mode</name>
         <load_address>0x11632</load_address>
         <run_address>0x11632</run_address>
         <size>0x1c</size>
         <input_file_ref idref="fl-4"/>
      </object_component>
      <object_component id="oc-2ae">
         <name>.text:LCD_C_selectChargePumpReference</name>
         <load_address>0x1164e</load_address>
         <run_address>0x1164e</run_address>
         <size>0x1a</size>
         <input_file_ref idref="fl-13"/>
      </object_component>
      <object_component id="oc-2a2">
         <name>.text:LCD_C_setVLCDVoltage</name>
         <load_address>0x11668</load_address>
         <run_address>0x11668</run_address>
         <size>0x1a</size>
         <input_file_ref idref="fl-13"/>
      </object_component>
      <object_component id="oc-1e6">
         <name>.text:LCD_C_selectDisplayMemory</name>
         <load_address>0x11682</load_address>
         <run_address>0x11682</run_address>
         <size>0x18</size>
         <input_file_ref idref="fl-13"/>
      </object_component>
      <object_component id="oc-353">
         <name>.text:memchr</name>
         <load_address>0x1169a</load_address>
         <run_address>0x1169a</run_address>
         <size>0x16</size>
         <input_file_ref idref="fl-98"/>
      </object_component>
      <object_component id="oc-21d">
         <name>.text</name>
         <load_address>0x116b0</load_address>
         <run_address>0x116b0</run_address>
         <size>0x16</size>
         <input_file_ref idref="fl-79"/>
      </object_component>
      <object_component id="oc-393">
         <name>.text</name>
         <load_address>0x116c6</load_address>
         <run_address>0x116c6</run_address>
         <size>0x16</size>
         <input_file_ref idref="fl-7b"/>
      </object_component>
      <object_component id="oc-193">
         <name>.text:ADC12_B_clearInterrupt</name>
         <load_address>0x116dc</load_address>
         <run_address>0x116dc</run_address>
         <size>0x14</size>
         <input_file_ref idref="fl-5"/>
      </object_component>
      <object_component id="oc-e6">
         <name>.text:memcpy</name>
         <load_address>0x116f0</load_address>
         <run_address>0x116f0</run_address>
         <size>0x14</size>
         <input_file_ref idref="fl-8c"/>
      </object_component>
      <object_component id="oc-27a">
         <name>.text:CS_setDCOFreq</name>
         <load_address>0x11704</load_address>
         <run_address>0x11704</run_address>
         <size>0x12</size>
         <input_file_ref idref="fl-a"/>
      </object_component>
      <object_component id="oc-75">
         <name>.text:decompress:none:__TI_decompress_none</name>
         <load_address>0x11716</load_address>
         <run_address>0x11716</run_address>
         <size>0x12</size>
         <input_file_ref idref="fl-5b"/>
      </object_component>
      <object_component id="oc-457">
         <name>.text:strcpy</name>
         <load_address>0x11728</load_address>
         <run_address>0x11728</run_address>
         <size>0x12</size>
         <input_file_ref idref="fl-a1"/>
      </object_component>
      <object_component id="oc-2a8">
         <name>.text:LCD_C_enableChargePump</name>
         <load_address>0x1173a</load_address>
         <run_address>0x1173a</run_address>
         <size>0xe</size>
         <input_file_ref idref="fl-13"/>
      </object_component>
      <object_component id="oc-2d1">
         <name>.text:strlen</name>
         <load_address>0x11748</load_address>
         <run_address>0x11748</run_address>
         <size>0xe</size>
         <input_file_ref idref="fl-a2"/>
      </object_component>
      <object_component id="oc-2ba">
         <name>.text:LCD_C_clearMemory</name>
         <load_address>0x11756</load_address>
         <run_address>0x11756</run_address>
         <size>0xc</size>
         <input_file_ref idref="fl-13"/>
      </object_component>
      <object_component id="oc-32c">
         <name>.text</name>
         <load_address>0x11762</load_address>
         <run_address>0x11762</run_address>
         <size>0xa</size>
         <input_file_ref idref="fl-80"/>
      </object_component>
      <object_component id="oc-321">
         <name>.text</name>
         <load_address>0x1176c</load_address>
         <run_address>0x1176c</run_address>
         <size>0xa</size>
         <input_file_ref idref="fl-82"/>
      </object_component>
      <object_component id="oc-18c">
         <name>.text:Timer_A_stop</name>
         <load_address>0x11776</load_address>
         <run_address>0x11776</run_address>
         <size>0x8</size>
         <input_file_ref idref="fl-1d"/>
      </object_component>
      <object_component id="oc-2c0">
         <name>.text:LCD_C_on</name>
         <load_address>0x1177e</load_address>
         <run_address>0x1177e</run_address>
         <size>0x6</size>
         <input_file_ref idref="fl-13"/>
      </object_component>
      <object_component id="oc-1bb">
         <name>.text:PMM_unlockLPM5</name>
         <load_address>0x11784</load_address>
         <run_address>0x11784</run_address>
         <size>0x6</size>
         <input_file_ref idref="fl-16"/>
      </object_component>
      <object_component id="oc-7b">
         <name>.text:decompress:rle24:__TI_decompress_rle24</name>
         <load_address>0x1178a</load_address>
         <run_address>0x1178a</run_address>
         <size>0x6</size>
         <input_file_ref idref="fl-5c"/>
      </object_component>
      <object_component id="oc-124">
         <name>.text:_system_pre_init</name>
         <load_address>0x11790</load_address>
         <run_address>0x11790</run_address>
         <size>0x4</size>
         <input_file_ref idref="fl-88"/>
      </object_component>
      <object_component id="oc-14c">
         <name>.text:abort</name>
         <load_address>0x11794</load_address>
         <run_address>0x11794</run_address>
         <size>0x4</size>
         <input_file_ref idref="fl-89"/>
      </object_component>
      <object_component id="oc-23b">
         <name>.text:_nop</name>
         <load_address>0x11798</load_address>
         <run_address>0x11798</run_address>
         <size>0x2</size>
         <input_file_ref idref="fl-8b"/>
      </object_component>
      <object_component id="oc-42d">
         <name>.common:__TI_tmpnams</name>
         <uninitialized>true</uninitialized>
         <run_address>0x1dac</run_address>
         <size>0xa0</size>
      </object_component>
      <object_component id="oc-438">
         <name>.common:parmbuf</name>
         <uninitialized>true</uninitialized>
         <run_address>0x1e4c</run_address>
         <size>0x8</size>
      </object_component>
      <object_component id="oc-3de">
         <name>.common:sys_free</name>
         <uninitialized>true</uninitialized>
         <run_address>0x1e58</run_address>
         <size>0x4</size>
      </object_component>
      <object_component id="oc-425">
         <name>.common:sys_base</name>
         <uninitialized>true</uninitialized>
         <run_address>0x1e54</run_address>
         <size>0x4</size>
      </object_component>
      <object_component id="oc-424">
         <name>.common:memsize</name>
         <uninitialized>true</uninitialized>
         <run_address>0x1e5c</run_address>
         <size>0x2</size>
      </object_component>
      <object_component id="oc-175">
         <name>.data</name>
         <load_address>0x1d7c</load_address>
         <run_address>0x1d7c</run_address>
         <size>0x1a</size>
         <input_file_ref idref="fl-3"/>
      </object_component>
      <object_component id="oc-217">
         <name>.data</name>
         <load_address>0x1daa</load_address>
         <run_address>0x1daa</run_address>
         <size>0x2</size>
         <input_file_ref idref="fl-4"/>
      </object_component>
      <object_component id="oc-1ac">
         <name>.data:__TI_cleanup_ptr</name>
         <load_address>0x1d96</load_address>
         <run_address>0x1d96</run_address>
         <size>0x4</size>
         <input_file_ref idref="fl-8a"/>
      </object_component>
      <object_component id="oc-1a9">
         <name>.data:__TI_dtors_ptr</name>
         <load_address>0x1d9a</load_address>
         <run_address>0x1d9a</run_address>
         <size>0x4</size>
         <input_file_ref idref="fl-8a"/>
      </object_component>
      <object_component id="oc-1a6">
         <name>.data:_lock</name>
         <load_address>0x1d9e</load_address>
         <run_address>0x1d9e</run_address>
         <size>0x4</size>
         <input_file_ref idref="fl-8b"/>
      </object_component>
      <object_component id="oc-1af">
         <name>.data:_unlock</name>
         <load_address>0x1da2</load_address>
         <run_address>0x1da2</run_address>
         <size>0x4</size>
         <input_file_ref idref="fl-8b"/>
      </object_component>
      <object_component id="oc-2e2">
         <name>.data:_ftable</name>
         <load_address>0x1c00</load_address>
         <run_address>0x1c00</run_address>
         <size>0xc8</size>
         <input_file_ref idref="fl-8f"/>
      </object_component>
      <object_component id="oc-3f0">
         <name>.data</name>
         <load_address>0x1da6</load_address>
         <run_address>0x1da6</run_address>
         <size>0x2</size>
         <input_file_ref idref="fl-8f"/>
      </object_component>
      <object_component id="oc-3c5">
         <name>.data:_device</name>
         <load_address>0x1cc8</load_address>
         <run_address>0x1cc8</run_address>
         <size>0x78</size>
         <input_file_ref idref="fl-92"/>
      </object_component>
      <object_component id="oc-398">
         <name>.data:_stream</name>
         <load_address>0x1d40</load_address>
         <run_address>0x1d40</run_address>
         <size>0x3c</size>
         <input_file_ref idref="fl-92"/>
      </object_component>
      <object_component id="oc-3e0">
         <name>.data</name>
         <load_address>0x1da8</load_address>
         <run_address>0x1da8</run_address>
         <size>0x2</size>
         <input_file_ref idref="fl-9c"/>
      </object_component>
      <object_component id="oc-df">
         <name>.stack</name>
         <uninitialized>true</uninitialized>
         <run_address>0x2270</run_address>
         <size>0x4</size>
         <input_file_ref idref="fl-83"/>
      </object_component>
      <object_component id="oc-508">
         <name>.stack</name>
         <uninitialized>true</uninitialized>
         <run_address>0x2270</run_address>
         <size>0x0</size>
      </object_component>
      <object_component id="oc-81">
         <name>.int27</name>
         <load_address>0xffc6</load_address>
         <run_address>0xffc6</run_address>
         <size>0x2</size>
         <input_file_ref idref="fl-5d"/>
      </object_component>
      <object_component id="oc-82">
         <name>.int28</name>
         <load_address>0xffc8</load_address>
         <run_address>0xffc8</run_address>
         <size>0x2</size>
         <input_file_ref idref="fl-3"/>
      </object_component>
      <object_component id="oc-83">
         <name>.int29</name>
         <load_address>0xffca</load_address>
         <run_address>0xffca</run_address>
         <size>0x2</size>
         <input_file_ref idref="fl-5f"/>
      </object_component>
      <object_component id="oc-84">
         <name>.int30</name>
         <load_address>0xffcc</load_address>
         <run_address>0xffcc</run_address>
         <size>0x2</size>
         <input_file_ref idref="fl-60"/>
      </object_component>
      <object_component id="oc-85">
         <name>.int31</name>
         <load_address>0xffce</load_address>
         <run_address>0xffce</run_address>
         <size>0x2</size>
         <input_file_ref idref="fl-61"/>
      </object_component>
      <object_component id="oc-86">
         <name>.int32</name>
         <load_address>0xffd0</load_address>
         <run_address>0xffd0</run_address>
         <size>0x2</size>
         <input_file_ref idref="fl-62"/>
      </object_component>
      <object_component id="oc-87">
         <name>.int33</name>
         <load_address>0xffd2</load_address>
         <run_address>0xffd2</run_address>
         <size>0x2</size>
         <input_file_ref idref="fl-63"/>
      </object_component>
      <object_component id="oc-88">
         <name>.int34</name>
         <load_address>0xffd4</load_address>
         <run_address>0xffd4</run_address>
         <size>0x2</size>
         <input_file_ref idref="fl-64"/>
      </object_component>
      <object_component id="oc-89">
         <name>.int35</name>
         <load_address>0xffd6</load_address>
         <run_address>0xffd6</run_address>
         <size>0x2</size>
         <input_file_ref idref="fl-65"/>
      </object_component>
      <object_component id="oc-8a">
         <name>.int36</name>
         <load_address>0xffd8</load_address>
         <run_address>0xffd8</run_address>
         <size>0x2</size>
         <input_file_ref idref="fl-66"/>
      </object_component>
      <object_component id="oc-8b">
         <name>.int37</name>
         <load_address>0xffda</load_address>
         <run_address>0xffda</run_address>
         <size>0x2</size>
         <input_file_ref idref="fl-3"/>
      </object_component>
      <object_component id="oc-8c">
         <name>.int38</name>
         <load_address>0xffdc</load_address>
         <run_address>0xffdc</run_address>
         <size>0x2</size>
         <input_file_ref idref="fl-67"/>
      </object_component>
      <object_component id="oc-8d">
         <name>.int39</name>
         <load_address>0xffde</load_address>
         <run_address>0xffde</run_address>
         <size>0x2</size>
         <input_file_ref idref="fl-68"/>
      </object_component>
      <object_component id="oc-8e">
         <name>.int40</name>
         <load_address>0xffe0</load_address>
         <run_address>0xffe0</run_address>
         <size>0x2</size>
         <input_file_ref idref="fl-69"/>
      </object_component>
      <object_component id="oc-8f">
         <name>.int41</name>
         <load_address>0xffe2</load_address>
         <run_address>0xffe2</run_address>
         <size>0x2</size>
         <input_file_ref idref="fl-6a"/>
      </object_component>
      <object_component id="oc-90">
         <name>.int42</name>
         <load_address>0xffe4</load_address>
         <run_address>0xffe4</run_address>
         <size>0x2</size>
         <input_file_ref idref="fl-6b"/>
      </object_component>
      <object_component id="oc-91">
         <name>.int43</name>
         <load_address>0xffe6</load_address>
         <run_address>0xffe6</run_address>
         <size>0x2</size>
         <input_file_ref idref="fl-6c"/>
      </object_component>
      <object_component id="oc-92">
         <name>.int44</name>
         <load_address>0xffe8</load_address>
         <run_address>0xffe8</run_address>
         <size>0x2</size>
         <input_file_ref idref="fl-3"/>
      </object_component>
      <object_component id="oc-93">
         <name>.int45</name>
         <load_address>0xffea</load_address>
         <run_address>0xffea</run_address>
         <size>0x2</size>
         <input_file_ref idref="fl-3"/>
      </object_component>
      <object_component id="oc-94">
         <name>.int46</name>
         <load_address>0xffec</load_address>
         <run_address>0xffec</run_address>
         <size>0x2</size>
         <input_file_ref idref="fl-6d"/>
      </object_component>
      <object_component id="oc-95">
         <name>.int47</name>
         <load_address>0xffee</load_address>
         <run_address>0xffee</run_address>
         <size>0x2</size>
         <input_file_ref idref="fl-6e"/>
      </object_component>
      <object_component id="oc-96">
         <name>.int48</name>
         <load_address>0xfff0</load_address>
         <run_address>0xfff0</run_address>
         <size>0x2</size>
         <input_file_ref idref="fl-6f"/>
      </object_component>
      <object_component id="oc-97">
         <name>.int49</name>
         <load_address>0xfff2</load_address>
         <run_address>0xfff2</run_address>
         <size>0x2</size>
         <input_file_ref idref="fl-70"/>
      </object_component>
      <object_component id="oc-98">
         <name>.int50</name>
         <load_address>0xfff4</load_address>
         <run_address>0xfff4</run_address>
         <size>0x2</size>
         <input_file_ref idref="fl-71"/>
      </object_component>
      <object_component id="oc-99">
         <name>.int51</name>
         <load_address>0xfff6</load_address>
         <run_address>0xfff6</run_address>
         <size>0x2</size>
         <input_file_ref idref="fl-72"/>
      </object_component>
      <object_component id="oc-9a">
         <name>.int52</name>
         <load_address>0xfff8</load_address>
         <run_address>0xfff8</run_address>
         <size>0x2</size>
         <input_file_ref idref="fl-73"/>
      </object_component>
      <object_component id="oc-9b">
         <name>.int53</name>
         <load_address>0xfffa</load_address>
         <run_address>0xfffa</run_address>
         <size>0x2</size>
         <input_file_ref idref="fl-74"/>
      </object_component>
      <object_component id="oc-9c">
         <name>.int54</name>
         <load_address>0xfffc</load_address>
         <run_address>0xfffc</run_address>
         <size>0x2</size>
         <input_file_ref idref="fl-75"/>
      </object_component>
      <object_component id="oc-e2">
         <name>.reset</name>
         <load_address>0xfffe</load_address>
         <run_address>0xfffe</run_address>
         <size>0x2</size>
         <input_file_ref idref="fl-83"/>
      </object_component>
      <object_component id="oc-2e1">
         <name>.debug_info</name>
         <load_address>0x0</load_address>
         <run_address>0x0</run_address>
         <size>0x549</size>
         <input_file_ref idref="fl-2"/>
      </object_component>
      <object_component id="oc-344">
         <name>.debug_info</name>
         <load_address>0x549</load_address>
         <run_address>0x549</run_address>
         <size>0xd4</size>
         <input_file_ref idref="fl-2"/>
      </object_component>
      <object_component id="oc-341">
         <name>.debug_info</name>
         <load_address>0x61d</load_address>
         <run_address>0x61d</run_address>
         <size>0xe0</size>
         <input_file_ref idref="fl-2"/>
      </object_component>
      <object_component id="oc-28e">
         <name>.debug_info</name>
         <load_address>0x6fd</load_address>
         <run_address>0x6fd</run_address>
         <size>0xd7</size>
         <input_file_ref idref="fl-2"/>
      </object_component>
      <object_component id="oc-2d8">
         <name>.debug_info</name>
         <load_address>0x7d4</load_address>
         <run_address>0x7d4</run_address>
         <size>0xd7</size>
         <input_file_ref idref="fl-2"/>
      </object_component>
      <object_component id="oc-1ce">
         <name>.debug_info</name>
         <load_address>0x8ab</load_address>
         <run_address>0x8ab</run_address>
         <size>0x246</size>
         <input_file_ref idref="fl-2"/>
      </object_component>
      <object_component id="oc-1db">
         <name>.debug_info</name>
         <load_address>0xaf1</load_address>
         <run_address>0xaf1</run_address>
         <size>0x21c</size>
         <input_file_ref idref="fl-2"/>
      </object_component>
      <object_component id="oc-2db">
         <name>.debug_info</name>
         <load_address>0xd0d</load_address>
         <run_address>0xd0d</run_address>
         <size>0x152</size>
         <input_file_ref idref="fl-2"/>
      </object_component>
      <object_component id="oc-1ed">
         <name>.debug_info</name>
         <load_address>0xe5f</load_address>
         <run_address>0xe5f</run_address>
         <size>0x10a</size>
         <input_file_ref idref="fl-2"/>
      </object_component>
      <object_component id="oc-2f7">
         <name>.debug_info</name>
         <load_address>0xf69</load_address>
         <run_address>0xf69</run_address>
         <size>0x131</size>
         <input_file_ref idref="fl-2"/>
      </object_component>
      <object_component id="oc-2c7">
         <name>.debug_info</name>
         <load_address>0x109a</load_address>
         <run_address>0x109a</run_address>
         <size>0xb2</size>
         <input_file_ref idref="fl-2"/>
      </object_component>
      <object_component id="oc-212">
         <name>.debug_info</name>
         <load_address>0x114c</load_address>
         <run_address>0x114c</run_address>
         <size>0x392</size>
         <input_file_ref idref="fl-2"/>
      </object_component>
      <object_component id="oc-1ff">
         <name>.debug_info</name>
         <load_address>0x14de</load_address>
         <run_address>0x14de</run_address>
         <size>0x8b</size>
         <input_file_ref idref="fl-2"/>
      </object_component>
      <object_component id="oc-224">
         <name>.debug_info</name>
         <load_address>0x1569</load_address>
         <run_address>0x1569</run_address>
         <size>0x18b</size>
         <input_file_ref idref="fl-2"/>
      </object_component>
      <object_component id="oc-165">
         <name>.debug_info</name>
         <load_address>0x16f4</load_address>
         <run_address>0x16f4</run_address>
         <size>0x2c</size>
         <input_file_ref idref="fl-2"/>
      </object_component>
      <object_component id="oc-204">
         <name>.debug_info</name>
         <load_address>0x1720</load_address>
         <run_address>0x1720</run_address>
         <size>0x861</size>
         <input_file_ref idref="fl-3"/>
      </object_component>
      <object_component id="oc-176">
         <name>.debug_info</name>
         <load_address>0x1f81</load_address>
         <run_address>0x1f81</run_address>
         <size>0x22b</size>
         <input_file_ref idref="fl-3"/>
      </object_component>
      <object_component id="oc-145">
         <name>.debug_info</name>
         <load_address>0x21ac</load_address>
         <run_address>0x21ac</run_address>
         <size>0x225</size>
         <input_file_ref idref="fl-3"/>
      </object_component>
      <object_component id="oc-1c2">
         <name>.debug_info</name>
         <load_address>0x23d1</load_address>
         <run_address>0x23d1</run_address>
         <size>0x44f</size>
         <input_file_ref idref="fl-3"/>
      </object_component>
      <object_component id="oc-1c8">
         <name>.debug_info</name>
         <load_address>0x2820</load_address>
         <run_address>0x2820</run_address>
         <size>0x15f</size>
         <input_file_ref idref="fl-3"/>
      </object_component>
      <object_component id="oc-106">
         <name>.debug_info</name>
         <load_address>0x297f</load_address>
         <run_address>0x297f</run_address>
         <size>0x100</size>
         <input_file_ref idref="fl-3"/>
      </object_component>
      <object_component id="oc-10c">
         <name>.debug_info</name>
         <load_address>0x2a7f</load_address>
         <run_address>0x2a7f</run_address>
         <size>0x161</size>
         <input_file_ref idref="fl-3"/>
      </object_component>
      <object_component id="oc-112">
         <name>.debug_info</name>
         <load_address>0x2be0</load_address>
         <run_address>0x2be0</run_address>
         <size>0x135</size>
         <input_file_ref idref="fl-3"/>
      </object_component>
      <object_component id="oc-118">
         <name>.debug_info</name>
         <load_address>0x2d15</load_address>
         <run_address>0x2d15</run_address>
         <size>0x124</size>
         <input_file_ref idref="fl-3"/>
      </object_component>
      <object_component id="oc-30a">
         <name>.debug_info</name>
         <load_address>0x2e39</load_address>
         <run_address>0x2e39</run_address>
         <size>0x1cb</size>
         <input_file_ref idref="fl-4"/>
      </object_component>
      <object_component id="oc-21b">
         <name>.debug_info</name>
         <load_address>0x3004</load_address>
         <run_address>0x3004</run_address>
         <size>0xe9</size>
         <input_file_ref idref="fl-4"/>
      </object_component>
      <object_component id="oc-2f1">
         <name>.debug_info</name>
         <load_address>0x30ed</load_address>
         <run_address>0x30ed</run_address>
         <size>0xed</size>
         <input_file_ref idref="fl-4"/>
      </object_component>
      <object_component id="oc-218">
         <name>.debug_info</name>
         <load_address>0x31da</load_address>
         <run_address>0x31da</run_address>
         <size>0xce</size>
         <input_file_ref idref="fl-4"/>
      </object_component>
      <object_component id="oc-17a">
         <name>.debug_info</name>
         <load_address>0x32a8</load_address>
         <run_address>0x32a8</run_address>
         <size>0x130</size>
         <input_file_ref idref="fl-4"/>
      </object_component>
      <object_component id="oc-186">
         <name>.debug_info</name>
         <load_address>0x33d8</load_address>
         <run_address>0x33d8</run_address>
         <size>0x130</size>
         <input_file_ref idref="fl-4"/>
      </object_component>
      <object_component id="oc-1f9">
         <name>.debug_info</name>
         <load_address>0x3508</load_address>
         <run_address>0x3508</run_address>
         <size>0x126</size>
         <input_file_ref idref="fl-4"/>
      </object_component>
      <object_component id="oc-1f3">
         <name>.debug_info</name>
         <load_address>0x362e</load_address>
         <run_address>0x362e</run_address>
         <size>0x155</size>
         <input_file_ref idref="fl-4"/>
      </object_component>
      <object_component id="oc-303">
         <name>.debug_info</name>
         <load_address>0x3783</load_address>
         <run_address>0x3783</run_address>
         <size>0x5e</size>
         <input_file_ref idref="fl-4"/>
      </object_component>
      <object_component id="oc-194">
         <name>.debug_info</name>
         <load_address>0x37e1</load_address>
         <run_address>0x37e1</run_address>
         <size>0x28e</size>
         <input_file_ref idref="fl-5"/>
      </object_component>
      <object_component id="oc-15a">
         <name>.debug_info</name>
         <load_address>0x3a6f</load_address>
         <run_address>0x3a6f</run_address>
         <size>0x84</size>
         <input_file_ref idref="fl-6"/>
      </object_component>
      <object_component id="oc-281">
         <name>.debug_info</name>
         <load_address>0x3af3</load_address>
         <run_address>0x3af3</run_address>
         <size>0x256</size>
         <input_file_ref idref="fl-a"/>
      </object_component>
      <object_component id="oc-287">
         <name>.debug_info</name>
         <load_address>0x3d49</load_address>
         <run_address>0x3d49</run_address>
         <size>0x171</size>
         <input_file_ref idref="fl-a"/>
      </object_component>
      <object_component id="oc-27b">
         <name>.debug_info</name>
         <load_address>0x3eba</load_address>
         <run_address>0x3eba</run_address>
         <size>0x19b</size>
         <input_file_ref idref="fl-a"/>
      </object_component>
      <object_component id="oc-33b">
         <name>.debug_info</name>
         <load_address>0x4055</load_address>
         <run_address>0x4055</run_address>
         <size>0x168</size>
         <input_file_ref idref="fl-12"/>
      </object_component>
      <object_component id="oc-2cd">
         <name>.debug_info</name>
         <load_address>0x41bd</load_address>
         <run_address>0x41bd</run_address>
         <size>0x102</size>
         <input_file_ref idref="fl-12"/>
      </object_component>
      <object_component id="oc-256">
         <name>.debug_info</name>
         <load_address>0x42bf</load_address>
         <run_address>0x42bf</run_address>
         <size>0x208</size>
         <input_file_ref idref="fl-12"/>
      </object_component>
      <object_component id="oc-25c">
         <name>.debug_info</name>
         <load_address>0x44c7</load_address>
         <run_address>0x44c7</run_address>
         <size>0x206</size>
         <input_file_ref idref="fl-12"/>
      </object_component>
      <object_component id="oc-274">
         <name>.debug_info</name>
         <load_address>0x46cd</load_address>
         <run_address>0x46cd</run_address>
         <size>0x259</size>
         <input_file_ref idref="fl-12"/>
      </object_component>
      <object_component id="oc-250">
         <name>.debug_info</name>
         <load_address>0x4926</load_address>
         <run_address>0x4926</run_address>
         <size>0x211</size>
         <input_file_ref idref="fl-12"/>
      </object_component>
      <object_component id="oc-268">
         <name>.debug_info</name>
         <load_address>0x4b37</load_address>
         <run_address>0x4b37</run_address>
         <size>0x22d</size>
         <input_file_ref idref="fl-12"/>
      </object_component>
      <object_component id="oc-26e">
         <name>.debug_info</name>
         <load_address>0x4d64</load_address>
         <run_address>0x4d64</run_address>
         <size>0x20d</size>
         <input_file_ref idref="fl-12"/>
      </object_component>
      <object_component id="oc-1d4">
         <name>.debug_info</name>
         <load_address>0x4f71</load_address>
         <run_address>0x4f71</run_address>
         <size>0x20b</size>
         <input_file_ref idref="fl-12"/>
      </object_component>
      <object_component id="oc-262">
         <name>.debug_info</name>
         <load_address>0x517c</load_address>
         <run_address>0x517c</run_address>
         <size>0x24f</size>
         <input_file_ref idref="fl-12"/>
      </object_component>
      <object_component id="oc-320">
         <name>.debug_info</name>
         <load_address>0x53cb</load_address>
         <run_address>0x53cb</run_address>
         <size>0x161</size>
         <input_file_ref idref="fl-13"/>
      </object_component>
      <object_component id="oc-327">
         <name>.debug_info</name>
         <load_address>0x552c</load_address>
         <run_address>0x552c</run_address>
         <size>0x1c8</size>
         <input_file_ref idref="fl-13"/>
      </object_component>
      <object_component id="oc-291">
         <name>.debug_info</name>
         <load_address>0x56f4</load_address>
         <run_address>0x56f4</run_address>
         <size>0x1ce</size>
         <input_file_ref idref="fl-13"/>
      </object_component>
      <object_component id="oc-2c1">
         <name>.debug_info</name>
         <load_address>0x58c2</load_address>
         <run_address>0x58c2</run_address>
         <size>0x190</size>
         <input_file_ref idref="fl-13"/>
      </object_component>
      <object_component id="oc-2bb">
         <name>.debug_info</name>
         <load_address>0x5a52</load_address>
         <run_address>0x5a52</run_address>
         <size>0x183</size>
         <input_file_ref idref="fl-13"/>
      </object_component>
      <object_component id="oc-1e7">
         <name>.debug_info</name>
         <load_address>0x5bd5</load_address>
         <run_address>0x5bd5</run_address>
         <size>0x1f8</size>
         <input_file_ref idref="fl-13"/>
      </object_component>
      <object_component id="oc-2a9">
         <name>.debug_info</name>
         <load_address>0x5dcd</load_address>
         <run_address>0x5dcd</run_address>
         <size>0x1ac</size>
         <input_file_ref idref="fl-13"/>
      </object_component>
      <object_component id="oc-2af">
         <name>.debug_info</name>
         <load_address>0x5f79</load_address>
         <run_address>0x5f79</run_address>
         <size>0x1f4</size>
         <input_file_ref idref="fl-13"/>
      </object_component>
      <object_component id="oc-29d">
         <name>.debug_info</name>
         <load_address>0x616d</load_address>
         <run_address>0x616d</run_address>
         <size>0x254</size>
         <input_file_ref idref="fl-13"/>
      </object_component>
      <object_component id="oc-2a3">
         <name>.debug_info</name>
         <load_address>0x63c1</load_address>
         <run_address>0x63c1</run_address>
         <size>0x1d6</size>
         <input_file_ref idref="fl-13"/>
      </object_component>
      <object_component id="oc-297">
         <name>.debug_info</name>
         <load_address>0x6597</load_address>
         <run_address>0x6597</run_address>
         <size>0x32f</size>
         <input_file_ref idref="fl-13"/>
      </object_component>
      <object_component id="oc-2b5">
         <name>.debug_info</name>
         <load_address>0x68c6</load_address>
         <run_address>0x68c6</run_address>
         <size>0x1f5</size>
         <input_file_ref idref="fl-13"/>
[...]
         <name>LCD_C_setVLCDVoltage</name>
         <value>0x11668</value>
         <object_component_ref idref="oc-2a2"/>
      </symbol>
      <symbol id="sm-81b">
         <name>LCD_C_enableChargePump</name>
         <value>0x1173a</value>
         <object_component_ref idref="oc-2a8"/>
      </symbol>
      <symbol id="sm-81c">
         <name>LCD_C_setPinAsLCDFunctionEx</name>
         <value>0x10768</value>
         <object_component_ref idref="oc-296"/>
      </symbol>
      <symbol id="sm-81d">
         <name>LCD_C_init</name>
         <value>0x11428</value>
         <object_component_ref idref="oc-290"/>
      </symbol>
      <symbol id="sm-81e">
         <name>LCD_C_clearMemory</name>
         <value>0x11756</value>
         <object_component_ref idref="oc-2ba"/>
      </symbol>
      <symbol id="sm-81f">
         <name>LCD_C_configChargePump</name>
         <value>0x114b2</value>
         <object_component_ref idref="oc-2b4"/>
      </symbol>
      <symbol id="sm-820">
         <name>LCD_C_selectChargePumpReference</name>
         <value>0x1164e</value>
         <object_component_ref idref="oc-2ae"/>
      </symbol>
      <symbol id="sm-82b">
         <name>PMM_unlockLPM5</name>
         <value>0x11784</value>
         <object_component_ref idref="oc-1bb"/>
      </symbol>
      <symbol id="sm-847">
         <name>Timer_A_initUpMode</name>
         <value>0x108ee</value>
         <object_component_ref idref="oc-17f"/>
      </symbol>
      <symbol id="sm-848">
         <name>Timer_A_stop</name>
         <value>0x11776</value>
         <object_component_ref idref="oc-18c"/>
      </symbol>
      <symbol id="sm-853">
         <name>WDT_A_hold</name>
         <value>0x1152a</value>
         <object_component_ref idref="oc-1b5"/>
      </symbol>
      <symbol id="sm-869">
         <name>__TI_decompress_none</name>
         <value>0x11716</value>
         <object_component_ref idref="oc-75"/>
      </symbol>
      <symbol id="sm-88b">
         <name>__TI_decompress_rle24</name>
         <value>0x1178a</value>
         <object_component_ref idref="oc-7b"/>
      </symbol>
      <symbol id="sm-88e">
         <name>__TI_int27</name>
         <value>0xffc6</value>
         <object_component_ref idref="oc-81"/>
      </symbol>
      <symbol id="sm-896">
         <name>__TI_ISR_TRAP</name>
         <value>0x496a</value>
         <object_component_ref idref="oc-100"/>
      </symbol>
      <symbol id="sm-899">
         <name>__TI_int29</name>
         <value>0xffca</value>
         <object_component_ref idref="oc-83"/>
      </symbol>
      <symbol id="sm-89c">
         <name>__TI_int30</name>
         <value>0xffcc</value>
         <object_component_ref idref="oc-84"/>
      </symbol>
      <symbol id="sm-89f">
         <name>__TI_int31</name>
         <value>0xffce</value>
         <object_component_ref idref="oc-85"/>
      </symbol>
      <symbol id="sm-8a2">
         <name>__TI_int32</name>
         <value>0xffd0</value>
         <object_component_ref idref="oc-86"/>
      </symbol>
      <symbol id="sm-8a5">
         <name>__TI_int33</name>
         <value>0xffd2</value>
         <object_component_ref idref="oc-87"/>
      </symbol>
      <symbol id="sm-8a8">
         <name>__TI_int34</name>
         <value>0xffd4</value>
         <object_component_ref idref="oc-88"/>
      </symbol>
      <symbol id="sm-8ab">
         <name>__TI_int35</name>
         <value>0xffd6</value>
         <object_component_ref idref="oc-89"/>
      </symbol>
      <symbol id="sm-8ae">
         <name>__TI_int36</name>
         <value>0xffd8</value>
         <object_component_ref idref="oc-8a"/>
      </symbol>
      <symbol id="sm-8b1">
         <name>__TI_int38</name>
         <value>0xffdc</value>
         <object_component_ref idref="oc-8c"/>
      </symbol>
      <symbol id="sm-8b4">
         <name>__TI_int39</name>
         <value>0xffde</value>
         <object_component_ref idref="oc-8d"/>
      </symbol>
      <symbol id="sm-8b7">
         <name>__TI_int40</name>
         <value>0xffe0</value>
         <object_component_ref idref="oc-8e"/>
      </symbol>
      <symbol id="sm-8ba">
         <name>__TI_int41</name>
         <value>0xffe2</value>
         <object_component_ref idref="oc-8f"/>
      </symbol>
      <symbol id="sm-8bd">
         <name>__TI_int42</name>
         <value>0xffe4</value>
         <object_component_ref idref="oc-90"/>
      </symbol>
      <symbol id="sm-8c0">
         <name>__TI_int43</name>
         <value>0xffe6</value>
         <object_component_ref idref="oc-91"/>
      </symbol>
      <symbol id="sm-8c3">
         <name>__TI_int46</name>
         <value>0xffec</value>
         <object_component_ref idref="oc-94"/>
      </symbol>
      <symbol id="sm-8c6">
         <name>__TI_int47</name>
         <value>0xffee</value>
         <object_component_ref idref="oc-95"/>
      </symbol>
      <symbol id="sm-8c9">
         <name>__TI_int48</name>
         <value>0xfff0</value>
         <object_component_ref idref="oc-96"/>
      </symbol>
      <symbol id="sm-8cc">
         <name>__TI_int49</name>
         <value>0xfff2</value>
         <object_component_ref idref="oc-97"/>
      </symbol>
      <symbol id="sm-8cf">
         <name>__TI_int50</name>
         <value>0xfff4</value>
         <object_component_ref idref="oc-98"/>
      </symbol>
      <symbol id="sm-8d2">
         <name>__TI_int51</name>
         <value>0xfff6</value>
         <object_component_ref idref="oc-99"/>
      </symbol>
      <symbol id="sm-8d5">
         <name>__TI_int52</name>
         <value>0xfff8</value>
         <object_component_ref idref="oc-9a"/>
      </symbol>
      <symbol id="sm-8d8">
         <name>__TI_int53</name>
         <value>0xfffa</value>
         <object_component_ref idref="oc-9b"/>
      </symbol>
      <symbol id="sm-8db">
         <name>__TI_int54</name>
         <value>0xfffc</value>
         <object_component_ref idref="oc-9c"/>
      </symbol>
      <symbol id="sm-8ee">
         <name>__TI_zero_init</name>
         <value>0x11506</value>
         <object_component_ref idref="oc-9d"/>
      </symbol>
      <symbol id="sm-8fb">
         <name>__mspabi_remu</name>
         <value>0x116b0</value>
         <object_component_ref idref="oc-21d"/>
      </symbol>
      <symbol id="sm-8fc">
         <name>__mspabi_divu</name>
         <value>0x116b0</value>
         <object_component_ref idref="oc-21d"/>
      </symbol>
      <symbol id="sm-90b">
         <name>__mspabi_mpyi_f5hw</name>
         <value>0x116c6</value>
         <object_component_ref idref="oc-393"/>
      </symbol>
      <symbol id="sm-943">
         <name>__mspabi_slli</name>
         <value>0x11762</value>
         <object_component_ref idref="oc-32c"/>
      </symbol>
      <symbol id="sm-94d">
         <name>__mspabi_srli</name>
         <value>0x1176c</value>
         <object_component_ref idref="oc-321"/>
      </symbol>
      <symbol id="sm-956">
         <name>_stack</name>
         <value>0x2270</value>
         <object_component_ref idref="oc-df"/>
      </symbol>
      <symbol id="sm-957">
         <name>_reset_vector</name>
         <value>0xfffe</value>
         <object_component_ref idref="oc-e2"/>
      </symbol>
      <symbol id="sm-975">
         <name>_auto_init_hold_wdt</name>
         <value>0x10b2e</value>
         <object_component_ref idref="oc-12a"/>
      </symbol>
      <symbol id="sm-980">
         <name>_c_int00_noargs_mpu</name>
         <value>0x494a</value>
         <object_component_ref idref="oc-b5"/>
      </symbol>
      <symbol id="sm-989">
         <name>__mpu_init</name>
         <value>0x114de</value>
         <object_component_ref idref="oc-13d"/>
      </symbol>
      <symbol id="sm-992">
         <name>_system_pre_init</name>
         <value>0x11790</value>
         <object_component_ref idref="oc-124"/>
      </symbol>
      <symbol id="sm-9a9">
         <name>C$$EXIT</name>
         <value>0x11794</value>
         <object_component_ref idref="oc-14c"/>
      </symbol>
      <symbol id="sm-9aa">
         <name>abort</name>
         <value>0x11794</value>
         <object_component_ref idref="oc-14c"/>
      </symbol>
      <symbol id="sm-9ab">
         <name>exit</name>
         <value>0x11456</value>
         <object_component_ref idref="oc-136"/>
      </symbol>
      <symbol id="sm-9ba">
         <name>__TI_dtors_ptr</name>
         <value>0x1d9a</value>
         <object_component_ref idref="oc-1a9"/>
      </symbol>
      <symbol id="sm-9bb">
         <name>__TI_cleanup_ptr</name>
         <value>0x1d96</value>
         <object_component_ref idref="oc-1ac"/>
      </symbol>
      <symbol id="sm-9d1">
         <name>_nop</name>
         <value>0x11798</value>
         <object_component_ref idref="oc-23b"/>
      </symbol>
      <symbol id="sm-9d2">
         <name>_lock</name>
         <value>0x1d9e</value>
         <object_component_ref idref="oc-1a6"/>
      </symbol>
      <symbol id="sm-9d3">
         <name>_unlock</name>
         <value>0x1da2</value>
         <object_component_ref idref="oc-1af"/>
      </symbol>
      <symbol id="sm-9e1">
         <name>memcpy</name>
         <value>0x116f0</value>
         <object_component_ref idref="oc-e6"/>
      </symbol>
      <symbol id="sm-a07">
         <name>puts</name>
         <value>0x1154a</value>
         <object_component_ref idref="oc-1e0"/>
      </symbol>
      <symbol id="sm-a08">
         <name>fputs</name>
         <value>0x10222</value>
         <object_component_ref idref="oc-2e5"/>
      </symbol>
      <symbol id="sm-a19">
         <name>__TI_doflush</name>
         <value>0x10e0c</value>
         <object_component_ref idref="oc-359"/>
      </symbol>
      <symbol id="sm-a29">
         <name>__TI_tmpnams</name>
         <value>0x1dac</value>
      </symbol>
      <symbol id="sm-a2a">
         <name>_ftable</name>
         <value>0x1c00</value>
         <object_component_ref idref="oc-2e2"/>
      </symbol>
      <symbol id="sm-a2b">
         <name>__TI_ft_end</name>
         <value>0x1da6</value>
         <object_component_ref idref="oc-3f0"/>
      </symbol>
      <symbol id="sm-a43">
         <name>__TI_wrt_ok</name>
         <value>0x107f2</value>
         <object_component_ref idref="oc-34d"/>
      </symbol>
      <symbol id="sm-a58">
         <name>fseek</name>
         <value>0x10c04</value>
         <object_component_ref idref="oc-381"/>
      </symbol>
      <symbol id="sm-ab0">
         <name>lseek</name>
         <value>0x111e2</value>
         <object_component_ref idref="oc-39d"/>
      </symbol>
      <symbol id="sm-ab1">
         <name>write</name>
         <value>0x11220</value>
         <object_component_ref idref="oc-35f"/>
      </symbol>
      <symbol id="sm-ab2">
         <name>close</name>
         <value>0x10e70</value>
         <object_component_ref idref="oc-427"/>
      </symbol>
      <symbol id="sm-ab3">
         <name>unlink</name>
         <value>0x113ca</value>
         <object_component_ref idref="oc-42e"/>
      </symbol>
      <symbol id="sm-aee">
         <name>HOSTrename</name>
         <value>0x1096a</value>
         <object_component_ref idref="oc-41a"/>
      </symbol>
      <symbol id="sm-aef">
         <name>HOSTclose</name>
         <value>0x10fc6</value>
         <object_component_ref idref="oc-3fc"/>
      </symbol>
      <symbol id="sm-af0">
         <name>HOSTunlink</name>
         <value>0x1105c</value>
         <object_component_ref idref="oc-414"/>
      </symbol>
      <symbol id="sm-af1">
         <name>HOSTlseek</name>
         <value>0x1063c</value>
         <object_component_ref idref="oc-40e"/>
      </symbol>
      <symbol id="sm-af2">
         <name>HOSTopen</name>
         <value>0x10ac0</value>
         <object_component_ref idref="oc-3f6"/>
      </symbol>
      <symbol id="sm-af3">
         <name>HOSTwrite</name>
         <value>0x10b9a</value>
         <object_component_ref idref="oc-408"/>
      </symbol>
      <symbol id="sm-af4">
         <name>HOSTread</name>
         <value>0x10c6e</value>
         <object_component_ref idref="oc-402"/>
      </symbol>
      <symbol id="sm-b12">
         <name>__TI_readmsg</name>
         <value>0x11336</value>
         <object_component_ref idref="oc-441"/>
      </symbol>
      <symbol id="sm-b13">
         <name>C$$IO$$</name>
         <value>0x112fe</value>
         <object_component_ref idref="oc-43b"/>
      </symbol>
      <symbol id="sm-b14">
         <name>_CIOBUF_</name>
         <value>0x4400</value>
         <object_component_ref idref="oc-46a"/>
      </symbol>
      <symbol id="sm-b15">
         <name>__TI_writemsg</name>
         <value>0x112cc</value>
         <object_component_ref idref="oc-43b"/>
      </symbol>
      <symbol id="sm-b1e">
         <name>__mspabi_slll_9</name>
         <value>0x1117e</value>
         <object_component_ref idref="oc-450"/>
      </symbol>
      <symbol id="sm-b1f">
         <name>__mspabi_slll_8</name>
         <value>0x11182</value>
         <object_component_ref idref="oc-450"/>
      </symbol>
      <symbol id="sm-b20">
         <name>__mspabi_slll_7</name>
         <value>0x11186</value>
         <object_component_ref idref="oc-450"/>
      </symbol>
      <symbol id="sm-b21">
         <name>__mspabi_slll_6</name>
         <value>0x1118a</value>
         <object_component_ref idref="oc-450"/>
      </symbol>
      <symbol id="sm-b22">
         <name>__mspabi_slll_5</name>
         <value>0x1118e</value>
         <object_component_ref idref="oc-450"/>
      </symbol>
      <symbol id="sm-b23">
         <name>__mspabi_slll_4</name>
         <value>0x11192</value>
         <object_component_ref idref="oc-450"/>
      </symbol>
      <symbol id="sm-b24">
         <name>__mspabi_slll_3</name>
         <value>0x11196</value>
         <object_component_ref idref="oc-450"/>
      </symbol>
      <symbol id="sm-b25">
         <name>__mspabi_slll_2</name>
         <value>0x1119a</value>
         <object_component_ref idref="oc-450"/>
      </symbol>
      <symbol id="sm-b26">
         <name>__mspabi_slll_1</name>
         <value>0x1119e</value>
         <object_component_ref idref="oc-450"/>
      </symbol>
      <symbol id="sm-b27">
         <name>__mspabi_slll_15</name>
         <value>0x11166</value>
         <object_component_ref idref="oc-450"/>
      </symbol>
      <symbol id="sm-b28">
         <name>__mspabi_slll_14</name>
         <value>0x1116a</value>
         <object_component_ref idref="oc-450"/>
      </symbol>
      <symbol id="sm-b29">
         <name>__mspabi_slll_13</name>
         <value>0x1116e</value>
         <object_component_ref idref="oc-450"/>
      </symbol>
      <symbol id="sm-b2a">
         <name>__mspabi_slll_12</name>
         <value>0x11172</value>
         <object_component_ref idref="oc-450"/>
      </symbol>
      <symbol id="sm-b2b">
         <name>__mspabi_slll_11</name>
         <value>0x11176</value>
         <object_component_ref idref="oc-450"/>
      </symbol>
      <symbol id="sm-b2c">
         <name>__mspabi_slll_10</name>
         <value>0x1117a</value>
         <object_component_ref idref="oc-450"/>
      </symbol>
      <symbol id="sm-b34">
         <name>__mspabi_srll_8</name>
         <value>0x111c0</value>
         <object_component_ref idref="oc-44b"/>
      </symbol>
      <symbol id="sm-b35">
         <name>__mspabi_srll_9</name>
         <value>0x111bc</value>
         <object_component_ref idref="oc-44b"/>
      </symbol>
      <symbol id="sm-b36">
         <name>__mspabi_srll_6</name>
         <value>0x111c8</value>
         <object_component_ref idref="oc-44b"/>
      </symbol>
      <symbol id="sm-b37">
         <name>__mspabi_srll_7</name>
         <value>0x111c4</value>
         <object_component_ref idref="oc-44b"/>
      </symbol>
      <symbol id="sm-b38">
         <name>__mspabi_srll_4</name>
         <value>0x111d0</value>
         <object_component_ref idref="oc-44b"/>
      </symbol>
      <symbol id="sm-b39">
         <name>__mspabi_srll_5</name>
         <value>0x111cc</value>
         <object_component_ref idref="oc-44b"/>
      </symbol>
      <symbol id="sm-b3a">
         <name>__mspabi_srll_2</name>
         <value>0x111d8</value>
         <object_component_ref idref="oc-44b"/>
      </symbol>
      <symbol id="sm-b3b">
         <name>__mspabi_srll_3</name>
         <value>0x111d4</value>
         <object_component_ref idref="oc-44b"/>
      </symbol>
      <symbol id="sm-b3c">
         <name>__mspabi_srll_1</name>
         <value>0x111dc</value>
         <object_component_ref idref="oc-44b"/>
      </symbol>
      <symbol id="sm-b3d">
         <name>__mspabi_srll_15</name>
         <value>0x111a4</value>
         <object_component_ref idref="oc-44b"/>
      </symbol>
      <symbol id="sm-b3e">
         <name>__mspabi_srll_14</name>
         <value>0x111a8</value>
         <object_component_ref idref="oc-44b"/>
      </symbol>
      <symbol id="sm-b3f">
         <name>__mspabi_srll_13</name>
         <value>0x111ac</value>
         <object_component_ref idref="oc-44b"/>
      </symbol>
      <symbol id="sm-b40">
         <name>__mspabi_srll_12</name>
         <value>0x111b0</value>
         <object_component_ref idref="oc-44b"/>
      </symbol>
      <symbol id="sm-b41">
         <name>__mspabi_srll_11</name>
         <value>0x111b4</value>
         <object_component_ref idref="oc-44b"/>
      </symbol>
      <symbol id="sm-b42">
         <name>__mspabi_srll_10</name>
         <value>0x111b8</value>
         <object_component_ref idref="oc-44b"/>
      </symbol>
      <symbol id="sm-b51">
         <name>memchr</name>
         <value>0x1169a</value>
         <object_component_ref idref="oc-353"/>
      </symbol>
      <symbol id="sm-b69">
         <name>setvbuf</name>
         <value>0x103fc</value>
         <object_component_ref idref="oc-387"/>
      </symbol>
      <symbol id="sm-b75">
         <name>__TI_cleanup</name>
         <value>0x11296</value>
         <object_component_ref idref="oc-3b1"/>
      </symbol>
      <symbol id="sm-b86">
         <name>__TI_closefile</name>
         <value>0x10a50</value>
         <object_component_ref idref="oc-3ea"/>
      </symbol>
      <symbol id="sm-bd1">
         <name>_sys_memory</name>
         <value>0x4520</value>
         <object_component_ref idref="oc-e3"/>
      </symbol>
      <symbol id="sm-bd2">
         <name>free</name>
         <value>0x106da</value>
         <object_component_ref idref="oc-3a5"/>
      </symbol>
      <symbol id="sm-bd3">
         <name>malloc</name>
         <value>0x104dc</value>
         <object_component_ref idref="oc-3ab"/>
      </symbol>
      <symbol id="sm-bd4">
         <name>minit</name>
         <value>0x110a2</value>
         <object_component_ref idref="oc-3e3"/>
      </symbol>
      <symbol id="sm-be5">
         <name>strchr</name>
         <value>0x115fa</value>
         <object_component_ref idref="oc-474"/>
      </symbol>
      <symbol id="sm-bf3">
         <name>strcmp</name>
         <value>0x11616</value>
         <object_component_ref idref="oc-491"/>
      </symbol>
      <symbol id="sm-c00">
         <name>strcpy</name>
         <value>0x11728</value>
         <object_component_ref idref="oc-457"/>
      </symbol>
      <symbol id="sm-c0d">
         <name>strlen</name>
         <value>0x11748</value>
         <object_component_ref idref="oc-2d1"/>
      </symbol>
      <symbol id="sm-c1d">
         <name>strncpy</name>
         <value>0x11368</value>
         <object_component_ref idref="oc-47a"/>
      </symbol>
      <symbol id="sm-c22">
         <name>__TI_INITARRAY_Base</name>
         <value>0x0</value>
      </symbol>
      <symbol id="sm-c23">
         <name>__TI_INITARRAY_Limit</name>
         <value>0x0</value>
      </symbol>
      <symbol id="sm-c24">
         <name>remove</name>
         <value>0x113ca</value>
      </symbol>
   </symbol_table>
   <title>Link successful</title>
</link_info>
